Archive member included to satisfy reference by file (symbol)

C:/ST/STM32CubeIDE_1.18.0/STM32CubeIDE/plugins/com.st.stm32cube.ide.mcu.externaltools.gnu-tools-for-stm32.13.3.rel1.win32_1.0.0.202411081344/tools/bin/../lib/gcc/arm-none-eabi/13.3.1/../../../../arm-none-eabi/lib/thumb/v7-m/nofp\libc_nano.a(libc_a-exit.o)
                              C:/ST/STM32CubeIDE_1.18.0/STM32CubeIDE/plugins/com.st.stm32cube.ide.mcu.externaltools.gnu-tools-for-stm32.13.3.rel1.win32_1.0.0.202411081344/tools/bin/../lib/gcc/arm-none-eabi/13.3.1/../../../../arm-none-eabi/lib/thumb/v7-m/nofp/crt0.o (exit)
C:/ST/STM32CubeIDE_1.18.0/STM32CubeIDE/plugins/com.st.stm32cube.ide.mcu.externaltools.gnu-tools-for-stm32.13.3.rel1.win32_1.0.0.202411081344/tools/bin/../lib/gcc/arm-none-eabi/13.3.1/../../../../arm-none-eabi/lib/thumb/v7-m/nofp\libc_nano.a(libc_a-nano-vfprintf_float.o)
                              (_printf_float)
C:/ST/STM32CubeIDE_1.18.0/STM32CubeIDE/plugins/com.st.stm32cube.ide.mcu.externaltools.gnu-tools-for-stm32.13.3.rel1.win32_1.0.0.202411081344/tools/bin/../lib/gcc/arm-none-eabi/13.3.1/../../../../arm-none-eabi/lib/thumb/v7-m/nofp\libc_nano.a(libc_a-nano-vfprintf_i.o)
                              C:/ST/STM32CubeIDE_1.18.0/STM32CubeIDE/plugins/com.st.stm32cube.ide.mcu.externaltools.gnu-tools-for-stm32.13.3.rel1.win32_1.0.0.202411081344/tools/bin/../lib/gcc/arm-none-eabi/13.3.1/../../../../arm-none-eabi/lib/thumb/v7-m/nofp\libc_nano.a(libc_a-nano-vfprintf_float.o) (_printf_common)
C:/ST/STM32CubeIDE_1.18.0/STM32CubeIDE/plugins/com.st.stm32cube.ide.mcu.externaltools.gnu-tools-for-stm32.13.3.rel1.win32_1.0.0.202411081344/tools/bin/../lib/gcc/arm-none-eabi/13.3.1/../../../../arm-none-eabi/lib/thumb/v7-m/nofp\libc_nano.a(libc_a-findfp.o)
                              C:/ST/STM32CubeIDE_1.18.0/STM32CubeIDE/plugins/com.st.stm32cube.ide.mcu.externaltools.gnu-tools-for-stm32.13.3.rel1.win32_1.0.0.202411081344/tools/bin/../lib/gcc/arm-none-eabi/13.3.1/../../../../arm-none-eabi/lib/thumb/v7-m/nofp\libc_nano.a(libc_a-exit.o) (__stdio_exit_handler)
C:/ST/STM32CubeIDE_1.18.0/STM32CubeIDE/plugins/com.st.stm32cube.ide.mcu.externaltools.gnu-tools-for-stm32.13.3.rel1.win32_1.0.0.202411081344/tools/bin/../lib/gcc/arm-none-eabi/13.3.1/../../../../arm-none-eabi/lib/thumb/v7-m/nofp\libc_nano.a(libc_a-fwalk.o)
                              C:/ST/STM32CubeIDE_1.18.0/STM32CubeIDE/plugins/com.st.stm32cube.ide.mcu.externaltools.gnu-tools-for-stm32.13.3.rel1.win32_1.0.0.202411081344/tools/bin/../lib/gcc/arm-none-eabi/13.3.1/../../../../arm-none-eabi/lib/thumb/v7-m/nofp\libc_nano.a(libc_a-findfp.o) (_fwalk_sglue)
C:/ST/STM32CubeIDE_1.18.0/STM32CubeIDE/plugins/com.st.stm32cube.ide.mcu.externaltools.gnu-tools-for-stm32.13.3.rel1.win32_1.0.0.202411081344/tools/bin/../lib/gcc/arm-none-eabi/13.3.1/../../../../arm-none-eabi/lib/thumb/v7-m/nofp\libc_nano.a(libc_a-sprintf.o)
                              ./Core/Src/main.o (sprintf)
C:/ST/STM32CubeIDE_1.18.0/STM32CubeIDE/plugins/com.st.stm32cube.ide.mcu.externaltools.gnu-tools-for-stm32.13.3.rel1.win32_1.0.0.202411081344/tools/bin/../lib/gcc/arm-none-eabi/13.3.1/../../../../arm-none-eabi/lib/thumb/v7-m/nofp\libc_nano.a(libc_a-stdio.o)
                              C:/ST/STM32CubeIDE_1.18.0/STM32CubeIDE/plugins/com.st.stm32cube.ide.mcu.externaltools.gnu-tools-for-stm32.13.3.rel1.win32_1.0.0.202411081344/tools/bin/../lib/gcc/arm-none-eabi/13.3.1/../../../../arm-none-eabi/lib/thumb/v7-m/nofp\libc_nano.a(libc_a-findfp.o) (__sread)
C:/ST/STM32CubeIDE_1.18.0/STM32CubeIDE/plugins/com.st.stm32cube.ide.mcu.externaltools.gnu-tools-for-stm32.13.3.rel1.win32_1.0.0.202411081344/tools/bin/../lib/gcc/arm-none-eabi/13.3.1/../../../../arm-none-eabi/lib/thumb/v7-m/nofp\libc_nano.a(libc_a-memset.o)
                              C:/ST/STM32CubeIDE_1.18.0/STM32CubeIDE/plugins/com.st.stm32cube.ide.mcu.externaltools.gnu-tools-for-stm32.13.3.rel1.win32_1.0.0.202411081344/tools/bin/../lib/gcc/arm-none-eabi/13.3.1/../../../../arm-none-eabi/lib/thumb/v7-m/nofp/crt0.o (memset)
C:/ST/STM32CubeIDE_1.18.0/STM32CubeIDE/plugins/com.st.stm32cube.ide.mcu.externaltools.gnu-tools-for-stm32.13.3.rel1.win32_1.0.0.202411081344/tools/bin/../lib/gcc/arm-none-eabi/13.3.1/../../../../arm-none-eabi/lib/thumb/v7-m/nofp\libc_nano.a(libc_a-localeconv.o)
                              C:/ST/STM32CubeIDE_1.18.0/STM32CubeIDE/plugins/com.st.stm32cube.ide.mcu.externaltools.gnu-tools-for-stm32.13.3.rel1.win32_1.0.0.202411081344/tools/bin/../lib/gcc/arm-none-eabi/13.3.1/../../../../arm-none-eabi/lib/thumb/v7-m/nofp\libc_nano.a(libc_a-nano-vfprintf_float.o) (_localeconv_r)
C:/ST/STM32CubeIDE_1.18.0/STM32CubeIDE/plugins/com.st.stm32cube.ide.mcu.externaltools.gnu-tools-for-stm32.13.3.rel1.win32_1.0.0.202411081344/tools/bin/../lib/gcc/arm-none-eabi/13.3.1/../../../../arm-none-eabi/lib/thumb/v7-m/nofp\libc_nano.a(libc_a-closer.o)
[...]
Memory Configuration

Name             Origin             Length             Attributes
RAM              0x20000000         0x00005000         xrw
FLASH            0x08000000         0x00010000         xr
*default*        0x00000000         0xffffffff

Linker script and memory map

LOAD C:/ST/STM32CubeIDE_1.18.0/STM32CubeIDE/plugins/com.st.stm32cube.ide.mcu.externaltools.gnu-tools-for-stm32.13.3.rel1.win32_1.0.0.202411081344/tools/bin/../lib/gcc/arm-none-eabi/13.3.1/thumb/v7-m/nofp/crti.o
LOAD C:/ST/STM32CubeIDE_1.18.0/STM32CubeIDE/plugins/com.st.stm32cube.ide.mcu.externaltools.gnu-tools-for-stm32.13.3.rel1.win32_1.0.0.202411081344/tools/bin/../lib/gcc/arm-none-eabi/13.3.1/thumb/v7-m/nofp/crtbegin.o
LOAD C:/ST/STM32CubeIDE_1.18.0/STM32CubeIDE/plugins/com.st.stm32cube.ide.mcu.externaltools.gnu-tools-for-stm32.13.3.rel1.win32_1.0.0.202411081344/tools/bin/../lib/gcc/arm-none-eabi/13.3.1/../../../../arm-none-eabi/lib/thumb/v7-m/nofp/crt0.o
LOAD ./Core/Src/adc.o
LOAD ./Core/Src/dma.o
LOAD ./Core/Src/gpio.o
LOAD ./Core/Src/ili9341_parallel.o
LOAD ./Core/Src/main.o
LOAD ./Core/Src/stm32f1xx_hal_msp.o
LOAD ./Core/Src/stm32f1xx_it.o
LOAD ./Core/Src/syscalls.o
LOAD ./Core/Src/sysmem.o
LOAD ./Core/Src/system_stm32f1xx.o
LOAD ./Core/Src/tim.o
LOAD ./Core/Startup/startup_stm32f103c8tx.o
LOAD ./Drivers/STM32F1xx_HAL_Driver/Src/stm32f1xx_hal.o
LOAD ./Drivers/STM32F1xx_HAL_Driver/Src/stm32f1xx_hal_adc.o
LOAD ./Drivers/STM32F1xx_HAL_Driver/Src/stm32f1xx_hal_adc_ex.o
LOAD ./Drivers/STM32F1xx_HAL_Driver/Src/stm32f1xx_hal_cortex.o
LOAD ./Drivers/STM32F1xx_HAL_Driver/Src/stm32f1xx_hal_dma.o
LOAD ./Drivers/STM32F1xx_HAL_Driver/Src/stm32f1xx_hal_exti.o
LOAD ./Drivers/STM32F1xx_HAL_Driver/Src/stm32f1xx_hal_flash.o
LOAD ./Drivers/STM32F1xx_HAL_Driver/Src/stm32f1xx_hal_flash_ex.o
LOAD ./Drivers/STM32F1xx_HAL_Driver/Src/stm32f1xx_hal_gpio.o
LOAD ./Drivers/STM32F1xx_HAL_Driver/Src/stm32f1xx_hal_gpio_ex.o
LOAD ./Drivers/STM32F1xx_HAL_Driver/Src/stm32f1xx_hal_pwr.o
LOAD ./Drivers/STM32F1xx_HAL_Driver/Src/stm32f1xx_hal_rcc.o
LOAD ./Drivers/STM32F1xx_HAL_Driver/Src/stm32f1xx_hal_rcc_ex.o
LOAD ./Drivers/STM32F1xx_HAL_Driver/Src/stm32f1xx_hal_tim.o
LOAD ./Drivers/STM32F1xx_HAL_Driver/Src/stm32f1xx_hal_tim_ex.o
START GROUP
LOAD C:/ST/STM32CubeIDE_1.18.0/STM32CubeIDE/plugins/com.st.stm32cube.ide.mcu.externaltools.gnu-tools-for-stm32.13.3.rel1.win32_1.0.0.202411081344/tools/bin/../lib/gcc/arm-none-eabi/13.3.1/../../../../arm-none-eabi/lib/thumb/v7-m/nofp\libc_nano.a
LOAD C:/ST/STM32CubeIDE_1.18.0/STM32CubeIDE/plugins/com.st.stm32cube.ide.mcu.externaltools.gnu-tools-for-stm32.13.3.rel1.win32_1.0.0.202411081344/tools/bin/../lib/gcc/arm-none-eabi/13.3.1/../../../../arm-none-eabi/lib/thumb/v7-m/nofp\libm.a
END GROUP
START GROUP
LOAD C:/ST/STM32CubeIDE_1.18.0/STM32CubeIDE/plugins/com.st.stm32cube.ide.mcu.externaltools.gnu-tools-for-stm32.13.3.rel1.win32_1.0.0.202411081344/tools/bin/../lib/gcc/arm-none-eabi/13.3.1/thumb/v7-m/nofp\libgcc.a
LOAD C:/ST/STM32CubeIDE_1.18.0/STM32CubeIDE/plugins/com.st.stm32cube.ide.mcu.externaltools.gnu-tools-for-stm32.13.3.rel1.win32_1.0.0.202411081344/tools/bin/../lib/gcc/arm-none-eabi/13.3.1/../../../../arm-none-eabi/lib/thumb/v7-m/nofp\libc_nano.a
END GROUP
START GROUP
LOAD C:/ST/STM32CubeIDE_1.18.0/STM32CubeIDE/plugins/com.st.stm32cube.ide.mcu.externaltools.gnu-tools-for-stm32.13.3.rel1.win32_1.0.0.202411081344/tools/bin/../lib/gcc/arm-none-eabi/13.3.1/thumb/v7-m/nofp\libgcc.a
LOAD C:/ST/STM32CubeIDE_1.18.0/STM32CubeIDE/plugins/com.st.stm32cube.ide.mcu.externaltools.gnu-tools-for-stm32.13.3.rel1.win32_1.0.0.202411081344/tools/bin/../lib/gcc/arm-none-eabi/13.3.1/../../../../arm-none-eabi/lib/thumb/v7-m/nofp\libc_nano.a
LOAD C:/ST/STM32CubeIDE_1.18.0/STM32CubeIDE/plugins/com.st.stm32cube.ide.mcu.externaltools.gnu-tools-for-stm32.13.3.rel1.win32_1.0.0.202411081344/tools/bin/../lib/gcc/arm-none-eabi/13.3.1/../../../../arm-none-eabi/lib/thumb/v7-m/nofp\libnosys.a
END GROUP
START GROUP
LOAD C:/ST/STM32CubeIDE_1.18.0/STM32CubeIDE/plugins/com.st.stm32cube.ide.mcu.externaltools.gnu-tools-for-stm32.13.3.rel1.win32_1.0.0.202411081344/tools/bin/../lib/gcc/arm-none-eabi/13.3.1/thumb/v7-m/nofp\libgcc.a
LOAD C:/ST/STM32CubeIDE_1.18.0/STM32CubeIDE/plugins/com.st.stm32cube.ide.mcu.externaltools.gnu-tools-for-stm32.13.3.rel1.win32_1.0.0.202411081344/tools/bin/../lib/gcc/arm-none-eabi/13.3.1/../../../../arm-none-eabi/lib/thumb/v7-m/nofp\libc_nano.a
LOAD C:/ST/STM32CubeIDE_1.18.0/STM32CubeIDE/plugins/com.st.stm32cube.ide.mcu.externaltools.gnu-tools-for-stm32.13.3.rel1.win32_1.0.0.202411081344/tools/bin/../lib/gcc/arm-none-eabi/13.3.1/../../../../arm-none-eabi/lib/thumb/v7-m/nofp\libnosys.a
END GROUP
LOAD C:/ST/STM32CubeIDE_1.18.0/STM32CubeIDE/plugins/com.st.stm32cube.ide.mcu.externaltools.gnu-tools-for-stm32.13.3.rel1.win32_1.0.0.202411081344/tools/bin/../lib/gcc/arm-none-eabi/13.3.1/thumb/v7-m/nofp/crtend.o
LOAD C:/ST/STM32CubeIDE_1.18.0/STM32CubeIDE/plugins/com.st.stm32cube.ide.mcu.externaltools.gnu-tools-for-stm32.13.3.rel1.win32_1.0.0.202411081344/tools/bin/../lib/gcc/arm-none-eabi/13.3.1/thumb/v7-m/nofp/crtn.o
                0x20005000                        _estack = (ORIGIN (RAM) + LENGTH (RAM))
                0x00000200                        _Min_Heap_Size = 0x200
                0x00000400                        _Min_Stack_Size = 0x400

.isr_vector     0x08000000      0x10c
                0x08000000                        . = ALIGN (0x4)
 *(.isr_vector)
 .isr_vector    0x08000000      0x10c ./Core/Startup/startup_stm32f103c8tx.o
                0x08000000                g_pfnVectors
                0x0800010c                        . = ALIGN (0x4)

.text           0x08000110     0x99f0
                0x08000110                        . = ALIGN (0x4)
 *(.text)
 .text          0x08000110       0x40 C:/ST/STM32CubeIDE_1.18.0/STM32CubeIDE/plugins/com.st.stm32cube.ide.mcu.externaltools.gnu-tools-for-stm32.13.3.rel1.win32_1.0.0.202411081344/tools/bin/../lib/gcc/arm-none-eabi/13.3.1/thumb/v7-m/nofp/crtbegin.o
 .text          0x08000150       0x10 C:/ST/STM32CubeIDE_1.18.0/STM32CubeIDE/plugins/com.st.stm32cube.ide.mcu.externaltools.gnu-tools-for-stm32.13.3.rel1.win32_1.0.0.202411081344/tools/bin/../lib/gcc/arm-none-eabi/13.3.1/../../../../arm-none-eabi/lib/thumb/v7-m/nofp\libc_nano.a(libc_a-strlen.o)
                0x08000150                strlen
 .text          0x08000160      0x378 C:/ST/STM32CubeIDE_1.18.0/STM32CubeIDE/plugins/com.st.stm32cube.ide.mcu.externaltools.gnu-tools-for-stm32.13.3.rel1.win32_1.0.0.202411081344/tools/bin/../lib/gcc/arm-none-eabi/13.3.1/thumb/v7-m/nofp\libgcc.a(_arm_addsubdf3.o)
                0x08000160                __aeabi_drsub
                0x08000168                __aeabi_dsub
                0x08000168                __subdf3
                0x0800016c                __aeabi_dadd
                0x0800016c                __adddf3
                0x080003e4                __floatunsidf
                0x080003e4                __aeabi_ui2d
                0x08000404                __floatsidf
                0x08000404                __aeabi_i2d
                0x08000428                __aeabi_f2d
                0x08000428                __extendsfdf2
                0x0800046c                __floatundidf
                0x0800046c                __aeabi_ul2d
                0x0800047c                __floatdidf
                0x0800047c                __aeabi_l2d
 .text          0x080004d8      0x424 C:/ST/STM32CubeIDE_1.18.0/STM32CubeIDE/plugins/com.st.stm32cube.ide.mcu.externaltools.gnu-tools-for-stm32.13.3.rel1.win32_1.0.0.202411081344/tools/bin/../lib/gcc/arm-none-eabi/13.3.1/thumb/v7-m/nofp\libgcc.a(_arm_muldivdf3.o)
                0x080004d8                __aeabi_dmul
                0x080004d8                __muldf3
                0x0800072c                __divdf3
                0x0800072c                __aeabi_ddiv
 .text          0x080008fc      0x110 C:/ST/STM32CubeIDE_1.18.0/STM32CubeIDE/plugins/com.st.stm32cube.ide.mcu.externaltools.gnu-tools-for-stm32.13.3.rel1.win32_1.0.0.202411081344/tools/bin/../lib/gcc/arm-none-eabi/13.3.1/thumb/v7-m/nofp\libgcc.a(_arm_cmpdf2.o)
                0x080008fc                __gtdf2
                0x080008fc                __gedf2
                0x08000904                __ltdf2
                0x08000904                __ledf2
                0x0800090c                __nedf2
                0x0800090c                __eqdf2
                0x0800090c                __cmpdf2
                0x08000988                __aeabi_cdrcmple
                0x08000998                __aeabi_cdcmpeq
                0x08000998                __aeabi_cdcmple
                0x080009a8                __aeabi_dcmpeq
                0x080009bc                __aeabi_dcmplt
                0x080009d0                __aeabi_dcmple
                0x080009e4                __aeabi_dcmpge
                0x080009f8                __aeabi_dcmpgt
 .text          0x08000a0c       0x2c C:/ST/STM32CubeIDE_1.18.0/STM32CubeIDE/plugins/com.st.stm32cube.ide.mcu.externaltools.gnu-tools-for-stm32.13.3.rel1.win32_1.0.0.202411081344/tools/bin/../lib/gcc/arm-none-eabi/13.3.1/thumb/v7-m/nofp\libgcc.a(_arm_unorddf2.o)
                0x08000a0c                __unorddf2
                0x08000a0c                __aeabi_dcmpun
 .text          0x08000a38       0x50 C:/ST/STM32CubeIDE_1.18.0/STM32CubeIDE/plugins/com.st.stm32cube.ide.mcu.externaltools.gnu-tools-for-stm32.13.3.rel1.win32_1.0.0.202411081344/tools/bin/../lib/gcc/arm-none-eabi/13.3.1/thumb/v7-m/nofp\libgcc.a(_arm_fixdfsi.o)
                0x08000a38                __aeabi_d2iz
                0x08000a38                __fixdfsi
 .text          0x08000a88       0xa0 C:/ST/STM32CubeIDE_1.18.0/STM32CubeIDE/plugins/com.st.stm32cube.ide.mcu.externaltools.gnu-tools-for-stm32.13.3.rel1.win32_1.0.0.202411081344/tools/bin/../lib/gcc/arm-none-eabi/13.3.1/thumb/v7-m/nofp\libgcc.a(_arm_truncdfsf2.o)
                0x08000a88                __truncdfsf2
                0x08000a88                __aeabi_d2f
 .text          0x08000b28      0x21c C:/ST/STM32CubeIDE_1.18.0/STM32CubeIDE/plugins/com.st.stm32cube.ide.mcu.externaltools.gnu-tools-for-stm32.13.3.rel1.win32_1.0.0.202411081344/tools/bin/../lib/gcc/arm-none-eabi/13.3.1/thumb/v7-m/nofp\libgcc.a(_arm_addsubsf3.o)
                0x08000b28                __aeabi_frsub
                0x08000b30                __subsf3
                0x08000b30                __aeabi_fsub
                0x08000b34                __aeabi_fadd
                0x08000b34                __addsf3
                0x08000c94                __aeabi_ui2f
                0x08000c94                __floatunsisf
                0x08000c9c                __aeabi_i2f
                0x08000c9c                __floatsisf
                0x08000cb8                __aeabi_ul2f
                0x08000cb8                __floatundisf
                0x08000cc8                __aeabi_l2f
                0x08000cc8                __floatdisf
 .text          0x08000d44      0x2a0 C:/ST/STM32CubeIDE_1.18.0/STM32CubeIDE/plugins/com.st.stm32cube.ide.mcu.externaltools.gnu-tools-for-stm32.13.3.rel1.win32_1.0.0.202411081344/tools/bin/../lib/gcc/arm-none-eabi/13.3.1/thumb/v7-m/nofp\libgcc.a(_arm_muldivsf3.o)
                0x08000d44                __mulsf3
                0x08000d44                __aeabi_fmul
                0x08000eac                __aeabi_fdiv
                0x08000eac                __divsf3
 *(.text*)
 .text.MX_ADC1_Init
                0x08000fe4       0xd4 ./Core/Src/adc.o
                0x08000fe4                MX_ADC1_Init
 .text.HAL_ADC_MspInit
                0x080010b8       0xd0 ./Core/Src/adc.o
                0x080010b8                HAL_ADC_MspInit
 .text.MX_DMA_Init
                0x08001188       0x3c ./Core/Src/dma.o
                0x08001188                MX_DMA_Init
 .text.MX_GPIO_Init
                0x080011c4      0x134 ./Core/Src/gpio.o
                0x080011c4                MX_GPIO_Init
 .text.ili_set_address_window
                0x080012f8      0x1a4 ./Core/Src/ili9341_parallel.o
                0x080012f8                ili_set_address_window
 .text._ili_render_glyph
                0x0800149c       0xee ./Core/Src/ili9341_parallel.o
                0x0800149c                _ili_render_glyph
 *fill*         0x0800158a        0x2 
 .text._ili_draw_string_main
                0x0800158c      0x170 ./Core/Src/ili9341_parallel.o
                0x0800158c                _ili_draw_string_main
 .text.ili_draw_string
                0x080016fc       0x38 ./Core/Src/ili9341_parallel.o
                0x080016fc                ili_draw_string
 .text.ili_draw_string_withbg
                0x08001734       0x38 ./Core/Src/ili9341_parallel.o
                0x08001734                ili_draw_string_withbg
 .text.ili_fill_color
                0x0800176c      0x280 ./Core/Src/ili9341_parallel.o
                0x0800176c                ili_fill_color
 .text.ili_fill_rect
                0x080019ec       0xb4 ./Core/Src/ili9341_parallel.o
                0x080019ec                ili_fill_rect
 .text.ili_fill_rect_fast
                0x08001aa0       0x5a ./Core/Src/ili9341_parallel.o
                0x08001aa0                ili_fill_rect_fast
 *fill*         0x08001afa        0x2 
 .text.ili_fill_screen
                0x08001afc       0x4c ./Core/Src/ili9341_parallel.o
                0x08001afc                ili_fill_screen
 .text.ili_draw_rectangle
                0x08001b48       0xf4 ./Core/Src/ili9341_parallel.o
                0x08001b48                ili_draw_rectangle
 .text._ili_draw_fast_h_line
                0x08001c3c       0x7e ./Core/Src/ili9341_parallel.o
                0x08001c3c                _ili_draw_fast_h_line
 .text._ili_draw_fast_v_line
                0x08001cba       0x7e ./Core/Src/ili9341_parallel.o
                0x08001cba                _ili_draw_fast_v_line
 .text.ili_draw_pixel
                0x08001d38       0x70 ./Core/Src/ili9341_parallel.o
                0x08001d38                ili_draw_pixel
 .text.ili_rotate_display
                0x08001da8      0x1c4 ./Core/Src/ili9341_parallel.o
                0x08001da8                ili_rotate_display
 .text.ili_init
                0x08001f6c      0x4ec ./Core/Src/ili9341_parallel.o
                0x08001f6c                ili_init
 .text.main     0x08002458      0x2dc ./Core/Src/main.o
                0x08002458                main
 .text.SystemClock_Config
                0x08002734       0xb6 ./Core/Src/main.o
                0x08002734                SystemClock_Config
 *fill*         0x080027ea        0x2 
 .text.HAL_GPIO_EXTI_Callback
                0x080027ec       0x88 ./Core/Src/main.o
                0x080027ec                HAL_GPIO_EXTI_Callback
 .text.EncoderEvent
                0x08002874       0x74 ./Core/Src/main.o
                0x08002874                EncoderEvent
 .text.SysTick_Counter
                0x080028e8       0xe4 ./Core/Src/main.o
                0x080028e8                SysTick_Counter
 .text.DrawBoxes
                0x080029cc      0x158 ./Core/Src/main.o
                0x080029cc                DrawBoxes
 .text.SwapBox  0x08002b24       0x64 ./Core/Src/main.o
                0x08002b24                SwapBox
 .text.DrawGrilla
                0x08002b88       0x7c ./Core/Src/main.o
                0x08002b88                DrawGrilla
 .text.DrawSelSet
                0x08002c04       0x6c ./Core/Src/main.o
                0x08002c04                DrawSelSet
 .text.UpdateSet
                0x08002c70       0xdc ./Core/Src/main.o
                0x08002c70                UpdateSet
 .text.DrawConfig
                0x08002d4c       0x40 ./Core/Src/main.o
                0x08002d4c                DrawConfig
 .text.SetLimites
                0x08002d8c      0x10c ./Core/Src/main.o
                0x08002d8c                SetLimites
 .text.DrawRangoGrilla
                0x08002e98      0x1b8 ./Core/Src/main.o
                0x08002e98                DrawRangoGrilla
 .text.DrawEscalaSet
                0x08003050       0x88 ./Core/Src/main.o
                0x08003050                DrawEscalaSet
 .text.DrawMPS_Set
                0x080030d8       0xa8 ./Core/Src/main.o
                0x080030d8                DrawMPS_Set
 .text.DrawLapsoSet
                0x08003180       0x88 ./Core/Src/main.o
                0x08003180                DrawLapsoSet
 .text.DrawMediaSet
                0x08003208       0x88 ./Core/Src/main.o
                0x08003208                DrawMediaSet
 .text.DrawRastroSet
                0x08003290       0x58 ./Core/Src/main.o
                0x08003290                DrawRastroSet
 .text.SwapItem
                0x080032e8       0xe4 ./Core/Src/main.o
                0x080032e8                SwapItem
 .text.DrawPix  0x080033cc       0x38 ./Core/Src/main.o
                0x080033cc                DrawPix
 .text.DrawPixColor
                0x08003404       0x88 ./Core/Src/main.o
                0x08003404                DrawPixColor
 .text.DrawPixCanal
                0x0800348c      0x1a0 ./Core/Src/main.o
                0x0800348c                DrawPixCanal
 .text.DrawBGCanal
                0x0800362c       0x38 ./Core/Src/main.o
                0x0800362c                DrawBGCanal
 .text.DrawTrazosBack
                0x08003664       0x10 ./Core/Src/main.o
                0x08003664                DrawTrazosBack
 .text.ReDrawTrazos
                0x08003674       0x5c ./Core/Src/main.o
                0x08003674                ReDrawTrazos
 .text.RedrawPrevios
                0x080036d0       0x34 ./Core/Src/main.o
                0x080036d0                RedrawPrevios
 *fill*         0x08003704        0x4 
 .text.DrawSTA  0x08003708      0x1ec ./Core/Src/main.o
                0x08003708                DrawSTA
 .text.SetSTA   0x080038f4      0x150 ./Core/Src/main.o
                0x080038f4                SetSTA
 .text.DrawSTAStatus
                0x08003a44       0xd4 ./Core/Src/main.o
                0x08003a44                DrawSTAStatus
 .text.SetMinima
                0x08003b18       0x70 ./Core/Src/main.o
                0x08003b18                SetMinima
 .text.SetMaxima
                0x08003b88       0x60 ./Core/Src/main.o
                0x08003b88                SetMaxima
 .text.SetPromedio
                0x08003be8       0x5c ./Core/Src/main.o
                0x08003be8                SetPromedio
 .text.EncoderMenu
                0x08003c44      0x230 ./Core/Src/main.o
                0x08003c44                EncoderMenu
 .text.EncoderSubMenu
                0x08003e74      0x118 ./Core/Src/main.o
                0x08003e74                EncoderSubMenu
 .text.EncoderItemSet
                0x08003f8c      0x1cc ./Core/Src/main.o
                0x08003f8c                EncoderItemSet
 .text.MuestraMedia
                0x08004158      0x140 ./Core/Src/main.o
                0x08004158                MuestraMedia
 .text.Conversiones
                0x08004298      0x258 ./Core/Src/main.o
                0x08004298                Conversiones
 .text.Error_Handler
                0x080044f0        0xc ./Core/Src/main.o
                0x080044f0                Error_Handler
 .text.HAL_MspInit
                0x080044fc       0x64 ./Core/Src/stm32f1xx_hal_msp.o
                0x080044fc                HAL_MspInit
 .text.NMI_Handler
                0x08004560        0x8 ./Core/Src/stm32f1xx_it.o
                0x08004560                NMI_Handler
 .text.HardFault_Handler
                0x08004568        0x8 ./Core/Src/stm32f1xx_it.o
                0x08004568                HardFault_Handler
 .text.MemManage_Handler
                0x08004570        0x8 ./Core/Src/stm32f1xx_it.o
                0x08004570                MemManage_Handler
 .text.BusFault_Handler
                0x08004578        0x8 ./Core/Src/stm32f1xx_it.o
                0x08004578                BusFault_Handler
 .text.UsageFault_Handler
                0x08004580        0x8 ./Core/Src/stm32f1xx_it.o
                0x08004580                UsageFault_Handler
 .text.SVC_Handler
                0x08004588        0xc ./Core/Src/stm32f1xx_it.o
                0x08004588                SVC_Handler
 .text.DebugMon_Handler
                0x08004594        0xc ./Core/Src/stm32f1xx_it.o
                0x08004594                DebugMon_Handler
 .text.PendSV_Handler
                0x080045a0        0xc ./Core/Src/stm32f1xx_it.o
                0x080045a0                PendSV_Handler
 .text.SysTick_Handler
                0x080045ac       0x10 ./Core/Src/stm32f1xx_it.o
                0x080045ac                SysTick_Handler
 .text.DMA1_Channel1_IRQHandler
                0x080045bc       0x14 ./Core/Src/stm32f1xx_it.o
                0x080045bc                DMA1_Channel1_IRQHandler
 .text.EXTI9_5_IRQHandler
                0x080045d0       0x16 ./Core/Src/stm32f1xx_it.o
                0x080045d0                EXTI9_5_IRQHandler
 *fill*         0x080045e6        0x2 
 .text.TIM3_IRQHandler
                0x080045e8       0x18 ./Core/Src/stm32f1xx_it.o
                0x080045e8                TIM3_IRQHandler
 .text._getpid  0x08004600        0xe ./Core/Src/syscalls.o
                0x08004600                _getpid
 .text._kill    0x0800460e       0x20 ./Core/Src/syscalls.o
                0x0800460e                _kill
 .text._exit    0x0800462e       0x16 ./Core/Src/syscalls.o
                0x0800462e                _exit
 .text._read    0x08004644       0x3a ./Core/Src/syscalls.o
                0x08004644                _read
 .text._write   0x0800467e       0x38 ./Core/Src/syscalls.o
                0x0800467e                _write
 .text._close   0x080046b6       0x16 ./Core/Src/syscalls.o
                0x080046b6                _close
 .text._fstat   0x080046cc       0x1e ./Core/Src/syscalls.o
                0x080046cc                _fstat
 .text._isatty  0x080046ea       0x14 ./Core/Src/syscalls.o
                0x080046ea                _isatty
 .text._lseek   0x080046fe       0x18 ./Core/Src/syscalls.o
                0x080046fe                _lseek
 *fill*         0x08004716        0x2 
 .text._sbrk    0x08004718       0x6c ./Core/Src/sysmem.o
                0x08004718                _sbrk
 .text.SystemInit
                0x08004784        0xc ./Core/Src/system_stm32f1xx.o
                0x08004784                SystemInit
 .text.MX_TIM3_Init
                0x08004790       0xa8 ./Core/Src/tim.o
                0x08004790                MX_TIM3_Init
 .text.HAL_TIM_Encoder_MspInit
                0x08004838       0x8c ./Core/Src/tim.o
                0x08004838                HAL_TIM_Encoder_MspInit
 .text.Reset_Handler
                0x080048c4       0x48 ./Core/Startup/startup_stm32f103c8tx.o
                0x080048c4                Reset_Handler
 .text.Default_Handler
                0x0800490c        0x2 ./Core/Startup/startup_stm32f103c8tx.o
                0x0800490c                RTC_Alarm_IRQHandler
                0x0800490c                EXTI2_IRQHandler
                0x0800490c                TIM1_CC_IRQHandler
                0x0800490c                PVD_IRQHandler
                0x0800490c                EXTI3_IRQHandler
                0x0800490c                EXTI0_IRQHandler
                0x0800490c                I2C2_EV_IRQHandler
                0x0800490c                ADC1_2_IRQHandler
                0x0800490c                SPI1_IRQHandler
                0x0800490c                TAMPER_IRQHandler
                0x0800490c                DMA1_Channel4_IRQHandler
                0x0800490c                USART3_IRQHandler
                0x0800490c                RTC_IRQHandler
                0x0800490c                DMA1_Channel7_IRQHandler
                0x0800490c                CAN1_RX1_IRQHandler
                0x0800490c                TIM4_IRQHandler
                0x0800490c                I2C1_EV_IRQHandler
                0x0800490c                DMA1_Channel6_IRQHandler
                0x0800490c                RCC_IRQHandler
                0x0800490c                TIM1_TRG_COM_IRQHandler
                0x0800490c                Default_Handler
                0x0800490c                EXTI15_10_IRQHandler
                0x0800490c                SPI2_IRQHandler
                0x0800490c                DMA1_Channel5_IRQHandler
                0x0800490c                EXTI4_IRQHandler
                0x0800490c                USB_LP_CAN1_RX0_IRQHandler
                0x0800490c                USB_HP_CAN1_TX_IRQHandler
                0x0800490c                DMA1_Channel3_IRQHandler
                0x0800490c                TIM1_UP_IRQHandler
                0x0800490c                WWDG_IRQHandler
                0x0800490c                TIM2_IRQHandler
                0x0800490c                TIM1_BRK_IRQHandler
                0x0800490c                EXTI1_IRQHandler
                0x0800490c                USART2_IRQHandler
                0x0800490c                I2C2_ER_IRQHandler
                0x0800490c                DMA1_Channel2_IRQHandler
                0x0800490c                CAN1_SCE_IRQHandler
                0x0800490c                FLASH_IRQHandler
                0x0800490c                USART1_IRQHandler
                0x0800490c                I2C1_ER_IRQHandler
                0x0800490c                USBWakeUp_IRQHandler
 *fill*         0x0800490e        0x2 
 .text.HAL_Init
                0x08004910       0x2c ./Drivers/STM32F1xx_HAL_Driver/Src/stm32f1xx_hal.o
                0x08004910                HAL_Init
 .text.HAL_InitTick
                0x0800493c       0x60 ./Drivers/STM32F1xx_HAL_Driver/Src/stm32f1xx_hal.o
                0x0800493c                HAL_InitTick
 .text.HAL_IncTick
                0x0800499c       0x24 ./Drivers/STM32F1xx_HAL_Driver/Src/stm32f1xx_hal.o
                0x0800499c                HAL_IncTick
 .text.HAL_GetTick
                0x080049c0       0x14 ./Drivers/STM32F1xx_HAL_Driver/Src/stm32f1xx_hal.o
                0x080049c0                HAL_GetTick
 .text.HAL_Delay
                0x080049d4       0x48 ./Drivers/STM32F1xx_HAL_Driver/Src/stm32f1xx_hal.o
                0x080049d4                HAL_Delay
 .text.HAL_ADC_Init
                0x08004a1c      0x1b0 ./Drivers/STM32F1xx_HAL_Driver/Src/stm32f1xx_hal_adc.o
                0x08004a1c                HAL_ADC_Init
 .text.HAL_ADC_Start_DMA
                0x08004bcc      0x1bc ./Drivers/STM32F1xx_HAL_Driver/Src/stm32f1xx_hal_adc.o
                0x08004bcc                HAL_ADC_Start_DMA
 .text.HAL_ADC_ConvCpltCallback
                0x08004d88       0x12 ./Drivers/STM32F1xx_HAL_Driver/Src/stm32f1xx_hal_adc.o
                0x08004d88                HAL_ADC_ConvCpltCallback
 .text.HAL_ADC_ConvHalfCpltCallback
                0x08004d9a       0x12 ./Drivers/STM32F1xx_HAL_Driver/Src/stm32f1xx_hal_adc.o
                0x08004d9a                HAL_ADC_ConvHalfCpltCallback
 .text.HAL_ADC_ErrorCallback
                0x08004dac       0x12 ./Drivers/STM32F1xx_HAL_Driver/Src/stm32f1xx_hal_adc.o
                0x08004dac                HAL_ADC_ErrorCallback
 *fill*         0x08004dbe        0x2 
 .text.HAL_ADC_ConfigChannel
                0x08004dc0      0x1f0 ./Drivers/STM32F1xx_HAL_Driver/Src/stm32f1xx_hal_adc.o
                0x08004dc0                HAL_ADC_ConfigChannel
 .text.ADC_Enable
                0x08004fb0       0xb4 ./Drivers/STM32F1xx_HAL_Driver/Src/stm32f1xx_hal_adc.o
                0x08004fb0                ADC_Enable
 .text.ADC_ConversionStop_Disable
                0x08005064       0x82 ./Drivers/STM32F1xx_HAL_Driver/Src/stm32f1xx_hal_adc.o
                0x08005064                ADC_ConversionStop_Disable
 .text.ADC_DMAConvCplt
                0x080050e6       0x7c ./Drivers/STM32F1xx_HAL_Driver/Src/stm32f1xx_hal_adc.o
                0x080050e6                ADC_DMAConvCplt
 .text.ADC_DMAHalfConvCplt
                0x08005162       0x1c ./Drivers/STM32F1xx_HAL_Driver/Src/stm32f1xx_hal_adc.o
                0x08005162                ADC_DMAHalfConvCplt
 .text.ADC_DMAError
                0x0800517e       0x34 ./Drivers/STM32F1xx_HAL_Driver/Src/stm32f1xx_hal_adc.o
                0x0800517e                ADC_DMAError
 *fill*         0x080051b2        0x2 
 .text.HAL_ADCEx_Calibration_Start
                0x080051b4      0x15c ./Drivers/STM32F1xx_HAL_Driver/Src/stm32f1xx_hal_adc_ex.o
                0x080051b4                HAL_ADCEx_Calibration_Start
 .text.__NVIC_SetPriorityGrouping
                0x08005310       0x48 ./Drivers/STM32F1xx_HAL_Driver/Src/stm32f1xx_hal_cortex.o
 .text.__NVIC_GetPriorityGrouping
                0x08005358       0x1c ./Drivers/STM32F1xx_HAL_Driver/Src/stm32f1xx_hal_cortex.o
 .text.__NVIC_EnableIRQ
                0x08005374       0x38 ./Drivers/STM32F1xx_HAL_Driver/Src/stm32f1xx_hal_cortex.o
 .text.__NVIC_SetPriority
                0x080053ac       0x54 ./Drivers/STM32F1xx_HAL_Driver/Src/stm32f1xx_hal_cortex.o
 .text.NVIC_EncodePriority
                0x08005400       0x64 ./Drivers/STM32F1xx_HAL_Driver/Src/stm32f1xx_hal_cortex.o
 .text.SysTick_Config
                0x08005464       0x44 ./Drivers/STM32F1xx_HAL_Driver/Src/stm32f1xx_hal_cortex.o
 .text.HAL_NVIC_SetPriorityGrouping
                0x080054a8       0x16 ./Drivers/STM32F1xx_HAL_Driver/Src/stm32f1xx_hal_cortex.o
                0x080054a8                HAL_NVIC_SetPriorityGrouping
 .text.HAL_NVIC_SetPriority
                0x080054be       0x38 ./Drivers/STM32F1xx_HAL_Driver/Src/stm32f1xx_hal_cortex.o
                0x080054be                HAL_NVIC_SetPriority
 .text.HAL_NVIC_EnableIRQ
                0x080054f6       0x1c ./Drivers/STM32F1xx_HAL_Driver/Src/stm32f1xx_hal_cortex.o
                0x080054f6                HAL_NVIC_EnableIRQ
 .text.HAL_SYSTICK_Config
                0x08005512       0x18 ./Drivers/STM32F1xx_HAL_Driver/Src/stm32f1xx_hal_cortex.o
                0x08005512                HAL_SYSTICK_Config
 *fill*         0x0800552a        0x2 
 .text.HAL_DMA_Init
                0x0800552c       0xb4 ./Drivers/STM32F1xx_HAL_Driver/Src/stm32f1xx_hal_dma.o
                0x0800552c                HAL_DMA_Init
 .text.HAL_DMA_Start_IT
                0x080055e0       0xc0 ./Drivers/STM32F1xx_HAL_Driver/Src/stm32f1xx_hal_dma.o
                0x080055e0                HAL_DMA_Start_IT
 .text.HAL_DMA_IRQHandler
                0x080056a0      0x20c ./Drivers/STM32F1xx_HAL_Driver/Src/stm32f1xx_hal_dma.o
                0x080056a0                HAL_DMA_IRQHandler
 .text.DMA_SetConfig
                0x080058ac       0x5a ./Drivers/STM32F1xx_HAL_Driver/Src/stm32f1xx_hal_dma.o
 *fill*         0x08005906        0x2 
 .text.HAL_GPIO_Init
                0x08005908      0x308 ./Drivers/STM32F1xx_HAL_Driver/Src/stm32f1xx_hal_gpio.o
                0x08005908                HAL_GPIO_Init
 .text.HAL_GPIO_WritePin
                0x08005c10       0x30 ./Drivers/STM32F1xx_HAL_Driver/Src/stm32f1xx_hal_gpio.o
                0x08005c10                HAL_GPIO_WritePin
 .text.HAL_GPIO_EXTI_IRQHandler
                0x08005c40       0x30 ./Drivers/STM32F1xx_HAL_Driver/Src/stm32f1xx_hal_gpio.o
                0x08005c40                HAL_GPIO_EXTI_IRQHandler
 .text.HAL_RCC_OscConfig
                0x08005c70      0x504 ./Drivers/STM32F1xx_HAL_Driver/Src/stm32f1xx_hal_rcc.o
                0x08005c70                HAL_RCC_OscConfig
 .text.HAL_RCC_ClockConfig
                0x08006174      0x1d4 ./Drivers/STM32F1xx_HAL_Driver/Src/stm32f1xx_hal_rcc.o
                0x08006174                HAL_RCC_ClockConfig
 .text.HAL_RCC_GetSysClockFreq
                0x08006348       0xa8 ./Drivers/STM32F1xx_HAL_Driver/Src/stm32f1xx_hal_rcc.o
                0x08006348                HAL_RCC_GetSysClockFreq
 .text.HAL_RCC_GetHCLKFreq
                0x080063f0       0x14 ./Drivers/STM32F1xx_HAL_Driver/Src/stm32f1xx_hal_rcc.o
                0x080063f0                HAL_RCC_GetHCLKFreq
 .text.HAL_RCC_GetPCLK2Freq
                0x08006404       0x28 ./Drivers/STM32F1xx_HAL_Driver/Src/stm32f1xx_hal_rcc.o
                0x08006404                HAL_RCC_GetPCLK2Freq
 .text.RCC_Delay
                0x0800642c       0x3c ./Drivers/STM32F1xx_HAL_Driver/Src/stm32f1xx_hal_rcc.o
 .text.HAL_RCCEx_PeriphCLKConfig
                0x08006468      0x16c ./Drivers/STM32F1xx_HAL_Driver/Src/stm32f1xx_hal_rcc_ex.o
                0x08006468                HAL_RCCEx_PeriphCLKConfig
 .text.HAL_RCCEx_GetPeriphCLKFreq
                0x080065d4      0x16c ./Drivers/STM32F1xx_HAL_Driver/Src/stm32f1xx_hal_rcc_ex.o
                0x080065d4                HAL_RCCEx_GetPeriphCLKFreq
 .text.HAL_TIM_Encoder_Init
                0x08006740      0x144 ./Drivers/STM32F1xx_HAL_Driver/Src/stm32f1xx_hal_tim.o
                0x08006740                HAL_TIM_Encoder_Init
 .text.HAL_TIM_Encoder_Start_IT
                0x08006884      0x15c ./Drivers/STM32F1xx_HAL_Driver/Src/stm32f1xx_hal_tim.o
                0x08006884                HAL_TIM_Encoder_Start_IT
 .text.HAL_TIM_IRQHandler
                0x080069e0      0x210 ./Drivers/STM32F1xx_HAL_Driver/Src/stm32f1xx_hal_tim.o
                0x080069e0                HAL_TIM_IRQHandler
 .text.HAL_TIM_PeriodElapsedCallback
                0x08006bf0       0x12 ./Drivers/STM32F1xx_HAL_Driver/Src/stm32f1xx_hal_tim.o
                0x08006bf0                HAL_TIM_PeriodElapsedCallback
 .text.HAL_TIM_OC_DelayElapsedCallback
                0x08006c02       0x12 ./Drivers/STM32F1xx_HAL_Driver/Src/stm32f1xx_hal_tim.o
                0x08006c02                HAL_TIM_OC_DelayElapsedCallback
 .text.HAL_TIM_IC_CaptureCallback
                0x08006c14       0x12 ./Drivers/STM32F1xx_HAL_Driver/Src/stm32f1xx_hal_tim.o
                0x08006c14                HAL_TIM_IC_CaptureCallback
 .text.HAL_TIM_PWM_PulseFinishedCallback
                0x08006c26       0x12 ./Drivers/STM32F1xx_HAL_Driver/Src/stm32f1xx_hal_tim.o
                0x08006c26                HAL_TIM_PWM_PulseFinishedCallback
 .text.HAL_TIM_TriggerCallback
                0x08006c38       0x12 ./Drivers/STM32F1xx_HAL_Driver/Src/stm32f1xx_hal_tim.o
                0x08006c38                HAL_TIM_TriggerCallback
 *fill*         0x08006c4a        0x2 
 .text.TIM_Base_SetConfig
                0x08006c4c       0xc4 ./Drivers/STM32F1xx_HAL_Driver/Src/stm32f1xx_hal_tim.o
                0x08006c4c                TIM_Base_SetConfig
 .text.TIM_CCxChannelCmd
                0x08006d10       0x48 ./Drivers/STM32F1xx_HAL_Driver/Src/stm32f1xx_hal_tim.o
                0x08006d10                TIM_CCxChannelCmd
 .text.HAL_TIMEx_MasterConfigSynchronization
                0x08006d58       0xbc ./Drivers/STM32F1xx_HAL_Driver/Src/stm32f1xx_hal_tim_ex.o
                0x08006d58                HAL_TIMEx_MasterConfigSynchronization
 .text.HAL_TIMEx_CommutCallback
                0x08006e14       0x12 ./Drivers/STM32F1xx_HAL_Driver/Src/stm32f1xx_hal_tim_ex.o
                0x08006e14                HAL_TIMEx_CommutCallback
 .text.HAL_TIMEx_BreakCallback
                0x08006e26       0x12 ./Drivers/STM32F1xx_HAL_Driver/Src/stm32f1xx_hal_tim_ex.o
                0x08006e26                HAL_TIMEx_BreakCallback
 .text.__cvt    0x08006e38       0xc8 C:/ST/STM32CubeIDE_1.18.0/STM32CubeIDE/plugins/com.st.stm32cube.ide.mcu.externaltools.gnu-tools-for-stm32.13.3.rel1.win32_1.0.0.202411081344/tools/bin/../lib/gcc/arm-none-eabi/13.3.1/../../../../arm-none-eabi/lib/thumb/v7-m/nofp\libc_nano.a(libc_a-nano-vfprintf_float.o)
                0x08006e38                __cvt
 .text.__exponent
                0x08006f00       0x74 C:/ST/STM32CubeIDE_1.18.0/STM32CubeIDE/plugins/com.st.stm32cube.ide.mcu.externaltools.gnu-tools-for-stm32.13.3.rel1.win32_1.0.0.202411081344/tools/bin/../lib/gcc/arm-none-eabi/13.3.1/../../../../arm-none-eabi/lib/thumb/v7-m/nofp\libc_nano.a(libc_a-nano-vfprintf_float.o)
                0x08006f00                __exponent
 .text._printf_float
                0x08006f74      0x458 C:/ST/STM32CubeIDE_1.18.0/STM32CubeIDE/plugins/com.st.stm32cube.ide.mcu.externaltools.gnu-tools-for-stm32.13.3.rel1.win32_1.0.0.202411081344/tools/bin/../lib/gcc/arm-none-eabi/13.3.1/../../../../arm-none-eabi/lib/thumb/v7-m/nofp\libc_nano.a(libc_a-nano-vfprintf_float.o)
                0x08006f74                _printf_float
 .text._printf_common
                0x080073cc       0xe4 C:/ST/STM32CubeIDE_1.18.0/STM32CubeIDE/plugins/com.st.stm32cube.ide.mcu.externaltools.gnu-tools-for-stm32.13.3.rel1.win32_1.0.0.202411081344/tools/bin/../lib/gcc/arm-none-eabi/13.3.1/../../../../arm-none-eabi/lib/thumb/v7-m/nofp\libc_nano.a(libc_a-nano-vfprintf_i.o)
                0x080073cc                _printf_common
 .text._printf_i
                0x080074b0      0x23c C:/ST/STM32CubeIDE_1.18.0/STM32CubeIDE/plugins/com.st.stm32cube.ide.mcu.externaltools.gnu-tools-for-stm32.13.3.rel1.win32_1.0.0.202411081344/tools/bin/../lib/gcc/arm-none-eabi/13.3.1/../../../../arm-none-eabi/lib/thumb/v7-m/nofp\libc_nano.a(libc_a-nano-vfprintf_i.o)
                0x080074b0                _printf_i
 .text.std      0x080076ec       0x6c C:/ST/STM32CubeIDE_1.18.0/STM32CubeIDE/plugins/com.st.stm32cube.ide.mcu.externaltools.gnu-tools-for-stm32.13.3.rel1.win32_1.0.0.202411081344/tools/bin/../lib/gcc/arm-none-eabi/13.3.1/../../../../arm-none-eabi/lib/thumb/v7-m/nofp\libc_nano.a(libc_a-findfp.o)
 .text.stdio_exit_handler
                0x08007758       0x18 C:/ST/STM32CubeIDE_1.18.0/STM32CubeIDE/plugins/com.st.stm32cube.ide.mcu.externaltools.gnu-tools-for-stm32.13.3.rel1.win32_1.0.0.202411081344/tools/bin/../lib/gcc/arm-none-eabi/13.3.1/../../../../arm-none-eabi/lib/thumb/v7-m/nofp\libc_nano.a(libc_a-findfp.o)
 .text.cleanup_stdio
                0x08007770       0x40 C:/ST/STM32CubeIDE_1.18.0/STM32CubeIDE/plugins/com.st.stm32cube.ide.mcu.externaltools.gnu-tools-for-stm32.13.3.rel1.win32_1.0.0.202411081344/tools/bin/../lib/gcc/arm-none-eabi/13.3.1/../../../../arm-none-eabi/lib/thumb/v7-m/nofp\libc_nano.a(libc_a-findfp.o)
 .text.global_stdio_init.part.0
                0x080077b0       0x3c C:/ST/STM32CubeIDE_1.18.0/STM32CubeIDE/plugins/com.st.stm32cube.ide.mcu.externaltools.gnu-tools-for-stm32.13.3.rel1.win32_1.0.0.202411081344/tools/bin/../lib/gcc/arm-none-eabi/13.3.1/../../../../arm-none-eabi/lib/thumb/v7-m/nofp\libc_nano.a(libc_a-findfp.o)
 .text.__sfp_lock_acquire
                0x080077ec        0xc C:/ST/STM32CubeIDE_1.18.0/STM32CubeIDE/plugins/com.st.stm32cube.ide.mcu.externaltools.gnu-tools-for-stm32.13.3.rel1.win32_1.0.0.202411081344/tools/bin/../lib/gcc/arm-none-eabi/13.3.1/../../../../arm-none-eabi/lib/thumb/v7-m/nofp\libc_nano.a(libc_a-findfp.o)
                0x080077ec                __sfp_lock_acquire
 .text.__sfp_lock_release
                0x080077f8        0xc C:/ST/STM32CubeIDE_1.18.0/STM32CubeIDE/plugins/com.st.stm32cube.ide.mcu.externaltools.gnu-tools-for-stm32.13.3.rel1.win32_1.0.0.202411081344/tools/bin/../lib/gcc/arm-none-eabi/13.3.1/../../../../arm-none-eabi/lib/thumb/v7-m/nofp\libc_nano.a(libc_a-findfp.o)
                0x080077f8                __sfp_lock_release
 .text.__sinit  0x08007804       0x30 C:/ST/STM32CubeIDE_1.18.0/STM32CubeIDE/plugins/com.st.stm32cube.ide.mcu.externaltools.gnu-tools-for-stm32.13.3.rel1.win32_1.0.0.202411081344/tools/bin/../lib/gcc/arm-none-eabi/13.3.1/../../../../arm-none-eabi/lib/thumb/v7-m/nofp\libc_nano.a(libc_a-findfp.o)
                0x08007804                __sinit
 .text._fwalk_sglue
                0x08007834       0x3c C:/ST/STM32CubeIDE_1.18.0/STM32CubeIDE/plugins/com.st.stm32cube.ide.mcu.externaltools.gnu-tools-for-stm32.13.3.rel1.win32_1.0.0.202411081344/tools/bin/../lib/gcc/arm-none-eabi/13.3.1/../../../../arm-none-eabi/lib/thumb/v7-m/nofp\libc_nano.a(libc_a-fwalk.o)
                0x08007834                _fwalk_sglue
 .text.sprintf  0x08007870       0x44 C:/ST/STM32CubeIDE_1.18.0/STM32CubeIDE/plugins/com.st.stm32cube.ide.mcu.externaltools.gnu-tools-for-stm32.13.3.rel1.win32_1.0.0.202411081344/tools/bin/../lib/gcc/arm-none-eabi/13.3.1/../../../../arm-none-eabi/lib/thumb/v7-m/nofp\libc_nano.a(libc_a-sprintf.o)
                0x08007870                siprintf
                0x08007870                sprintf
 .text.__sread  0x080078b4       0x22 C:/ST/STM32CubeIDE_1.18.0/STM32CubeIDE/plugins/com.st.stm32cube.ide.mcu.externaltools.gnu-tools-for-stm32.13.3.rel1.win32_1.0.0.202411081344/tools/bin/../lib/gcc/arm-none-eabi/13.3.1/../../../../arm-none-eabi/lib/thumb/v7-m/nofp\libc_nano.a(libc_a-stdio.o)
                0x080078b4                __sread
 .text.__swrite
                0x080078d6       0x38 C:/ST/STM32CubeIDE_1.18.0/STM32CubeIDE/plugins/com.st.stm32cube.ide.mcu.externaltools.gnu-tools-for-stm32.13.3.rel1.win32_1.0.0.202411081344/tools/bin/../lib/gcc/arm-none-eabi/13.3.1/../../../../arm-none-eabi/lib/thumb/v7-m/nofp\libc_nano.a(libc_a-stdio.o)
                0x080078d6                __swrite
 .text.__sseek  0x0800790e       0x24 C:/ST/STM32CubeIDE_1.18.0/STM32CubeIDE/plugins/com.st.stm32cube.ide.mcu.externaltools.gnu-tools-for-stm32.13.3.rel1.win32_1.0.0.202411081344/tools/bin/../lib/gcc/arm-none-eabi/13.3.1/../../../../arm-none-eabi/lib/thumb/v7-m/nofp\libc_nano.a(libc_a-stdio.o)
                0x0800790e                __sseek
 .text.__sclose
                0x08007932        0x8 C:/ST/STM32CubeIDE_1.18.0/STM32CubeIDE/plugins/com.st.stm32cube.ide.mcu.externaltools.gnu-tools-for-stm32.13.3.rel1.win32_1.0.0.202411081344/tools/bin/../lib/gcc/arm-none-eabi/13.3.1/../../../../arm-none-eabi/lib/thumb/v7-m/nofp\libc_nano.a(libc_a-stdio.o)
                0x08007932                __sclose
 .text.memset   0x0800793a       0x10 C:/ST/STM32CubeIDE_1.18.0/STM32CubeIDE/plugins/com.st.stm32cube.ide.mcu.externaltools.gnu-tools-for-stm32.13.3.rel1.win32_1.0.0.202411081344/tools/bin/../lib/gcc/arm-none-eabi/13.3.1/../../../../arm-none-eabi/lib/thumb/v7-m/nofp\libc_nano.a(libc_a-memset.o)
                0x0800793a                memset
 *fill*         0x0800794a        0x2 
 .text._localeconv_r
                0x0800794c        0x8 C:/ST/STM32CubeIDE_1.18.0/STM32CubeIDE/plugins/com.st.stm32cube.ide.mcu.externaltools.gnu-tools-for-stm32.13.3.rel1.win32_1.0.0.202411081344/tools/bin/../lib/gcc/arm-none-eabi/13.3.1/../../../../arm-none-eabi/lib/thumb/v7-m/nofp\libc_nano.a(libc_a-localeconv.o)
                0x0800794c                _localeconv_r
 .text._close_r
                0x08007954       0x20 C:/ST/STM32CubeIDE_1.18.0/STM32CubeIDE/plugins/com.st.stm32cube.ide.mcu.externaltools.gnu-tools-for-stm32.13.3.rel1.win32_1.0.0.202411081344/tools/bin/../lib/gcc/arm-none-eabi/13.3.1/../../../../arm-none-eabi/lib/thumb/v7-m/nofp\libc_nano.a(libc_a-closer.o)
                0x08007954                _close_r
 .text._lseek_r
                0x08007974       0x24 C:/ST/STM32CubeIDE_1.18.0/STM32CubeIDE/plugins/com.st.stm32cube.ide.mcu.externaltools.gnu-tools-for-stm32.13.3.rel1.win32_1.0.0.202411081344/tools/bin/../lib/gcc/arm-none-eabi/13.3.1/../../../../arm-none-eabi/lib/thumb/v7-m/nofp\libc_nano.a(libc_a-lseekr.o)
                0x08007974                _lseek_r
 .text._read_r  0x08007998       0x24 C:/ST/STM32CubeIDE_1.18.0/STM32CubeIDE/plugins/com.st.stm32cube.ide.mcu.externaltools.gnu-tools-for-stm32.13.3.rel1.win32_1.0.0.202411081344/tools/bin/../lib/gcc/arm-none-eabi/13.3.1/../../../../arm-none-eabi/lib/thumb/v7-m/nofp\libc_nano.a(libc_a-readr.o)
                0x08007998                _read_r
 .text._write_r
                0x080079bc       0x24 C:/ST/STM32CubeIDE_1.18.0/STM32CubeIDE/plugins/com.st.stm32cube.ide.mcu.externaltools.gnu-tools-for-stm32.13.3.rel1.win32_1.0.0.202411081344/tools/bin/../lib/gcc/arm-none-eabi/13.3.1/../../../../arm-none-eabi/lib/thumb/v7-m/nofp\libc_nano.a(libc_a-writer.o)
                0x080079bc                _write_r
 .text.__errno  0x080079e0        0xc C:/ST/STM32CubeIDE_1.18.0/STM32CubeIDE/plugins/com.st.stm32cube.ide.mcu.externaltools.gnu-tools-for-stm32.13.3.rel1.win32_1.0.0.202411081344/tools/bin/../lib/gcc/arm-none-eabi/13.3.1/../../../../arm-none-eabi/lib/thumb/v7-m/nofp\libc_nano.a(libc_a-errno.o)
                0x080079e0                __errno
 .text.__libc_init_array
                0x080079ec       0x48 C:/ST/STM32CubeIDE_1.18.0/STM32CubeIDE/plugins/com.st.stm32cube.ide.mcu.externaltools.gnu-tools-for-stm32.13.3.rel1.win32_1.0.0.202411081344/tools/bin/../lib/gcc/arm-none-eabi/13.3.1/../../../../arm-none-eabi/lib/thumb/v7-m/nofp\libc_nano.a(libc_a-init.o)
                0x080079ec                __libc_init_array
 .text.__retarget_lock_init_recursive
                0x08007a34        0x2 C:/ST/STM32CubeIDE_1.18.0/STM32CubeIDE/plugins/com.st.stm32cube.ide.mcu.externaltools.gnu-tools-for-stm32.13.3.rel1.win32_1.0.0.202411081344/tools/bin/../lib/gcc/arm-none-eabi/13.3.1/../../../../arm-none-eabi/lib/thumb/v7-m/nofp\libc_nano.a(libc_a-lock.o)
                0x08007a34                __retarget_lock_init_recursive
 .text.__retarget_lock_acquire_recursive
                0x08007a36        0x2 C:/ST/STM32CubeIDE_1.18.0/STM32CubeIDE/plugins/com.st.stm32cube.ide.mcu.externaltools.gnu-tools-for-stm32.13.3.rel1.win32_1.0.0.202411081344/tools/bin/../lib/gcc/arm-none-eabi/13.3.1/../../../../arm-none-eabi/lib/thumb/v7-m/nofp\libc_nano.a(libc_a-lock.o)
                0x08007a36                __retarget_lock_acquire_recursive
 .text.__retarget_lock_release_recursive
                0x08007a38        0x2 C:/ST/STM32CubeIDE_1.18.0/STM32CubeIDE/plugins/com.st.stm32cube.ide.mcu.externaltools.gnu-tools-for-stm32.13.3.rel1.win32_1.0.0.202411081344/tools/bin/../lib/gcc/arm-none-eabi/13.3.1/../../../../arm-none-eabi/lib/thumb/v7-m/nofp\libc_nano.a(libc_a-lock.o)
                0x08007a38                __retarget_lock_release_recursive
 .text.memchr   0x08007a3a       0x1c C:/ST/STM32CubeIDE_1.18.0/STM32CubeIDE/plugins/com.st.stm32cube.ide.mcu.externaltools.gnu-tools-for-stm32.13.3.rel1.win32_1.0.0.202411081344/tools/bin/../lib/gcc/arm-none-eabi/13.3.1/../../../../arm-none-eabi/lib/thumb/v7-m/nofp\libc_nano.a(libc_a-memchr-stub.o)
                0x08007a3a                memchr
 .text.quorem   0x08007a56      0x110 C:/ST/STM32CubeIDE_1.18.0/STM32CubeIDE/plugins/com.st.stm32cube.ide.mcu.externaltools.gnu-tools-for-stm32.13.3.rel1.win32_1.0.0.202411081344/tools/bin/../lib/gcc/arm-none-eabi/13.3.1/../../../../arm-none-eabi/lib/thumb/v7-m/nofp\libc_nano.a(libc_a-dtoa.o)
 *fill*         0x08007b66        0x2 
 .text._dtoa_r  0x08007b68      0xba8 C:/ST/STM32CubeIDE_1.18.0/STM32CubeIDE/plugins/com.st.stm32cube.ide.mcu.externaltools.gnu-tools-for-stm32.13.3.rel1.win32_1.0.0.202411081344/tools/bin/../lib/gcc/arm-none-eabi/13.3.1/../../../../arm-none-eabi/lib/thumb/v7-m/nofp\libc_nano.a(libc_a-dtoa.o)
                0x08007b68                _dtoa_r
 .text._free_r  0x08008710       0x90 C:/ST/STM32CubeIDE_1.18.0/STM32CubeIDE/plugins/com.st.stm32cube.ide.mcu.externaltools.gnu-tools-for-stm32.13.3.rel1.win32_1.0.0.202411081344/tools/bin/../lib/gcc/arm-none-eabi/13.3.1/../../../../arm-none-eabi/lib/thumb/v7-m/nofp\libc_nano.a(libc_a-freer.o)
                0x08008710                _free_r
 .text.malloc   0x080087a0       0x10 C:/ST/STM32CubeIDE_1.18.0/STM32CubeIDE/plugins/com.st.stm32cube.ide.mcu.externaltools.gnu-tools-for-stm32.13.3.rel1.win32_1.0.0.202411081344/tools/bin/../lib/gcc/arm-none-eabi/13.3.1/../../../../arm-none-eabi/lib/thumb/v7-m/nofp\libc_nano.a(libc_a-malloc.o)
                0x080087a0                malloc
 .text.sbrk_aligned
                0x080087b0       0x44 C:/ST/STM32CubeIDE_1.18.0/STM32CubeIDE/plugins/com.st.stm32cube.ide.mcu.externaltools.gnu-tools-for-stm32.13.3.rel1.win32_1.0.0.202411081344/tools/bin/../lib/gcc/arm-none-eabi/13.3.1/../../../../arm-none-eabi/lib/thumb/v7-m/nofp\libc_nano.a(libc_a-mallocr.o)
 .text._malloc_r
                0x080087f4      0x100 C:/ST/STM32CubeIDE_1.18.0/STM32CubeIDE/plugins/com.st.stm32cube.ide.mcu.externaltools.gnu-tools-for-stm32.13.3.rel1.win32_1.0.0.202411081344/tools/bin/../lib/gcc/arm-none-eabi/13.3.1/../../../../arm-none-eabi/lib/thumb/v7-m/nofp\libc_nano.a(libc_a-mallocr.o)
                0x080087f4                _malloc_r
 .text.__malloc_lock
                0x080088f4        0xc C:/ST/STM32CubeIDE_1.18.0/STM32CubeIDE/plugins/com.st.stm32cube.ide.mcu.externaltools.gnu-tools-for-stm32.13.3.rel1.win32_1.0.0.202411081344/tools/bin/../lib/gcc/arm-none-eabi/13.3.1/../../../../arm-none-eabi/lib/thumb/v7-m/nofp\libc_nano.a(libc_a-mlock.o)
                0x080088f4                __malloc_lock
 .text.__malloc_unlock
                0x08008900        0xc C:/ST/STM32CubeIDE_1.18.0/STM32CubeIDE/plugins/com.st.stm32cube.ide.mcu.externaltools.gnu-tools-for-stm32.13.3.rel1.win32_1.0.0.202411081344/tools/bin/../lib/gcc/arm-none-eabi/13.3.1/../../../../arm-none-eabi/lib/thumb/v7-m/nofp\libc_nano.a(libc_a-mlock.o)
                0x08008900                __malloc_unlock
 .text._Balloc  0x0800890c       0x80 C:/ST/STM32CubeIDE_1.18.0/STM32CubeIDE/plugins/com.st.stm32cube.ide.mcu.externaltools.gnu-tools-for-stm32.13.3.rel1.win32_1.0.0.202411081344/tools/bin/../lib/gcc/arm-none-eabi/13.3.1/../../../../arm-none-eabi/lib/thumb/v7-m/nofp\libc_nano.a(libc_a-mprec.o)
                0x0800890c                _Balloc
 .text._Bfree   0x0800898c       0x44 C:/ST/STM32CubeIDE_1.18.0/STM32CubeIDE/plugins/com.st.stm32cube.ide.mcu.externaltools.gnu-tools-for-stm32.13.3.rel1.win32_1.0.0.202411081344/tools/bin/../lib/gcc/arm-none-eabi/13.3.1/../../../../arm-none-eabi/lib/thumb/v7-m/nofp\libc_nano.a(libc_a-mprec.o)
                0x0800898c                _Bfree
 .text.__multadd
                0x080089d0       0x8c C:/ST/STM32CubeIDE_1.18.0/STM32CubeIDE/plugins/com.st.stm32cube.ide.mcu.externaltools.gnu-tools-for-stm32.13.3.rel1.win32_1.0.0.202411081344/tools/bin/../lib/gcc/arm-none-eabi/13.3.1/../../../../arm-none-eabi/lib/thumb/v7-m/nofp\libc_nano.a(libc_a-mprec.o)
                0x080089d0                __multadd
 .text.__hi0bits
                0x08008a5c       0x3e C:/ST/STM32CubeIDE_1.18.0/STM32CubeIDE/plugins/com.st.stm32cube.ide.mcu.externaltools.gnu-tools-for-stm32.13.3.rel1.win32_1.0.0.202411081344/tools/bin/../lib/gcc/arm-none-eabi/13.3.1/../../../../arm-none-eabi/lib/thumb/v7-m/nofp\libc_nano.a(libc_a-mprec.o)
                0x08008a5c                __hi0bits
 .text.__lo0bits
                0x08008a9a       0x5a C:/ST/STM32CubeIDE_1.18.0/STM32CubeIDE/plugins/com.st.stm32cube.ide.mcu.externaltools.gnu-tools-for-stm32.13.3.rel1.win32_1.0.0.202411081344/tools/bin/../lib/gcc/arm-none-eabi/13.3.1/../../../../arm-none-eabi/lib/thumb/v7-m/nofp\libc_nano.a(libc_a-mprec.o)
                0x08008a9a                __lo0bits
 .text.__i2b    0x08008af4       0x2c C:/ST/STM32CubeIDE_1.18.0/STM32CubeIDE/plugins/com.st.stm32cube.ide.mcu.externaltools.gnu-tools-for-stm32.13.3.rel1.win32_1.0.0.202411081344/tools/bin/../lib/gcc/arm-none-eabi/13.3.1/../../../../arm-none-eabi/lib/thumb/v7-m/nofp\libc_nano.a(libc_a-mprec.o)
                0x08008af4                __i2b
 .text.__multiply
                0x08008b20      0x144 C:/ST/STM32CubeIDE_1.18.0/STM32CubeIDE/plugins/com.st.stm32cube.ide.mcu.externaltools.gnu-tools-for-stm32.13.3.rel1.win32_1.0.0.202411081344/tools/bin/../lib/gcc/arm-none-eabi/13.3.1/../../../../arm-none-eabi/lib/thumb/v7-m/nofp\libc_nano.a(libc_a-mprec.o)
                0x08008b20                __multiply
 .text.__pow5mult
                0x08008c64       0xb4 C:/ST/STM32CubeIDE_1.18.0/STM32CubeIDE/plugins/com.st.stm32cube.ide.mcu.externaltools.gnu-tools-for-stm32.13.3.rel1.win32_1.0.0.202411081344/tools/bin/../lib/gcc/arm-none-eabi/13.3.1/../../../../arm-none-eabi/lib/thumb/v7-m/nofp\libc_nano.a(libc_a-mprec.o)
                0x08008c64                __pow5mult
 .text.__lshift
                0x08008d18       0xd8 C:/ST/STM32CubeIDE_1.18.0/STM32CubeIDE/plugins/com.st.stm32cube.ide.mcu.externaltools.gnu-tools-for-stm32.13.3.rel1.win32_1.0.0.202411081344/tools/bin/../lib/gcc/arm-none-eabi/13.3.1/../../../../arm-none-eabi/lib/thumb/v7-m/nofp\libc_nano.a(libc_a-mprec.o)
                0x08008d18                __lshift
 .text.__mcmp   0x08008df0       0x36 C:/ST/STM32CubeIDE_1.18.0/STM32CubeIDE/plugins/com.st.stm32cube.ide.mcu.externaltools.gnu-tools-for-stm32.13.3.rel1.win32_1.0.0.202411081344/tools/bin/../lib/gcc/arm-none-eabi/13.3.1/../../../../arm-none-eabi/lib/thumb/v7-m/nofp\libc_nano.a(libc_a-mprec.o)
                0x08008df0                __mcmp
 *fill*         0x08008e26        0x2 
 .text.__mdiff  0x08008e28      0x128 C:/ST/STM32CubeIDE_1.18.0/STM32CubeIDE/plugins/com.st.stm32cube.ide.mcu.externaltools.gnu-tools-for-stm32.13.3.rel1.win32_1.0.0.202411081344/tools/bin/../lib/gcc/arm-none-eabi/13.3.1/../../../../arm-none-eabi/lib/thumb/v7-m/nofp\libc_nano.a(libc_a-mprec.o)
                0x08008e28                __mdiff
 .text.__d2b    0x08008f50       0xb0 C:/ST/STM32CubeIDE_1.18.0/STM32CubeIDE/plugins/com.st.stm32cube.ide.mcu.externaltools.gnu-tools-for-stm32.13.3.rel1.win32_1.0.0.202411081344/tools/bin/../lib/gcc/arm-none-eabi/13.3.1/../../../../arm-none-eabi/lib/thumb/v7-m/nofp\libc_nano.a(libc_a-mprec.o)
                0x08008f50                __d2b
 .text.__ssputs_r
                0x08009000       0xb6 C:/ST/STM32CubeIDE_1.18.0/STM32CubeIDE/plugins/com.st.stm32cube.ide.mcu.externaltools.gnu-tools-for-stm32.13.3.rel1.win32_1.0.0.202411081344/tools/bin/../lib/gcc/arm-none-eabi/13.3.1/../../../../arm-none-eabi/lib/thumb/v7-m/nofp\libc_nano.a(libc_a-nano-svfprintf.o)
                0x08009000                __ssputs_r
 *fill*         0x080090b6        0x2 
 .text._svfprintf_r
                0x080090b8      0x1f8 C:/ST/STM32CubeIDE_1.18.0/STM32CubeIDE/plugins/com.st.stm32cube.ide.mcu.externaltools.gnu-tools-for-stm32.13.3.rel1.win32_1.0.0.202411081344/tools/bin/../lib/gcc/arm-none-eabi/13.3.1/../../../../arm-none-eabi/lib/thumb/v7-m/nofp\libc_nano.a(libc_a-nano-svfprintf.o)
                0x080090b8                _svfiprintf_r
                0x080090b8                _svfprintf_r
 .text.__sflush_r
                0x080092b0      0x100 C:/ST/STM32CubeIDE_1.18.0/STM32CubeIDE/plugins/com.st.stm32cube.ide.mcu.externaltools.gnu-tools-for-stm32.13.3.rel1.win32_1.0.0.202411081344/tools/bin/../lib/gcc/arm-none-eabi/13.3.1/../../../../arm-none-eabi/lib/thumb/v7-m/nofp\libc_nano.a(libc_a-fflush.o)
                0x080092b0                __sflush_r
 .text._fflush_r
                0x080093b0       0x50 C:/ST/STM32CubeIDE_1.18.0/STM32CubeIDE/plugins/com.st.stm32cube.ide.mcu.externaltools.gnu-tools-for-stm32.13.3.rel1.win32_1.0.0.202411081344/tools/bin/../lib/gcc/arm-none-eabi/13.3.1/../../../../arm-none-eabi/lib/thumb/v7-m/nofp\libc_nano.a(libc_a-fflush.o)
                0x080093b0                _fflush_r
 .text.memmove  0x08009400       0x34 C:/ST/STM32CubeIDE_1.18.0/STM32CubeIDE/plugins/com.st.stm32cube.ide.mcu.externaltools.gnu-tools-for-stm32.13.3.rel1.win32_1.0.0.202411081344/tools/bin/../lib/gcc/arm-none-eabi/13.3.1/../../../../arm-none-eabi/lib/thumb/v7-m/nofp\libc_nano.a(libc_a-memmove.o)
                0x08009400                memmove
 .text._sbrk_r  0x08009434       0x20 C:/ST/STM32CubeIDE_1.18.0/STM32CubeIDE/plugins/com.st.stm32cube.ide.mcu.externaltools.gnu-tools-for-stm32.13.3.rel1.win32_1.0.0.202411081344/tools/bin/../lib/gcc/arm-none-eabi/13.3.1/../../../../arm-none-eabi/lib/thumb/v7-m/nofp\libc_nano.a(libc_a-sbrkr.o)
                0x08009434                _sbrk_r
 .text.memcpy   0x08009454       0x1c C:/ST/STM32CubeIDE_1.18.0/STM32CubeIDE/plugins/com.st.stm32cube.ide.mcu.externaltools.gnu-tools-for-stm32.13.3.rel1.win32_1.0.0.202411081344/tools/bin/../lib/gcc/arm-none-eabi/13.3.1/../../../../arm-none-eabi/lib/thumb/v7-m/nofp\libc_nano.a(libc_a-memcpy-stub.o)
                0x08009454                memcpy
 .text.__assert_func
                0x08009470       0x3c C:/ST/STM32CubeIDE_1.18.0/STM32CubeIDE/plugins/com.st.stm32cube.ide.mcu.externaltools.gnu-tools-for-stm32.13.3.rel1.win32_1.0.0.202411081344/tools/bin/../lib/gcc/arm-none-eabi/13.3.1/../../../../arm-none-eabi/lib/thumb/v7-m/nofp\libc_nano.a(libc_a-assert.o)
                0x08009470                __assert_func
 .text._calloc_r
                0x080094ac       0x28 C:/ST/STM32CubeIDE_1.18.0/STM32CubeIDE/plugins/com.st.stm32cube.ide.mcu.externaltools.gnu-tools-for-stm32.13.3.rel1.win32_1.0.0.202411081344/tools/bin/../lib/gcc/arm-none-eabi/13.3.1/../../../../arm-none-eabi/lib/thumb/v7-m/nofp\libc_nano.a(libc_a-callocr.o)
                0x080094ac                _calloc_r
 .text.__ascii_mbtowc
                0x080094d4       0x24 C:/ST/STM32CubeIDE_1.18.0/STM32CubeIDE/plugins/com.st.stm32cube.ide.mcu.externaltools.gnu-tools-for-stm32.13.3.rel1.win32_1.0.0.202411081344/tools/bin/../lib/gcc/arm-none-eabi/13.3.1/../../../../arm-none-eabi/lib/thumb/v7-m/nofp\libc_nano.a(libc_a-mbtowc_r.o)
                0x080094d4                __ascii_mbtowc
 .text._realloc_r
                0x080094f8       0x5c C:/ST/STM32CubeIDE_1.18.0/STM32CubeIDE/plugins/com.st.stm32cube.ide.mcu.externaltools.gnu-tools-for-stm32.13.3.rel1.win32_1.0.0.202411081344/tools/bin/../lib/gcc/arm-none-eabi/13.3.1/../../../../arm-none-eabi/lib/thumb/v7-m/nofp\libc_nano.a(libc_a-reallocr.o)
                0x080094f8                _realloc_r
 .text.__ascii_wctomb
                0x08009554       0x1a C:/ST/STM32CubeIDE_1.18.0/STM32CubeIDE/plugins/com.st.stm32cube.ide.mcu.externaltools.gnu-tools-for-stm32.13.3.rel1.win32_1.0.0.202411081344/tools/bin/../lib/gcc/arm-none-eabi/13.3.1/../../../../arm-none-eabi/lib/thumb/v7-m/nofp\libc_nano.a(libc_a-wctomb_r.o)
                0x08009554                __ascii_wctomb
 *fill*         0x0800956e        0x2 
 .text.fprintf  0x08009570       0x24 C:/ST/STM32CubeIDE_1.18.0/STM32CubeIDE/plugins/com.st.stm32cube.ide.mcu.externaltools.gnu-tools-for-stm32.13.3.rel1.win32_1.0.0.202411081344/tools/bin/../lib/gcc/arm-none-eabi/13.3.1/../../../../arm-none-eabi/lib/thumb/v7-m/nofp\libc_nano.a(libc_a-fprintf.o)
                0x08009570                fiprintf
                0x08009570                fprintf
 .text.abort    0x08009594        0xe C:/ST/STM32CubeIDE_1.18.0/STM32CubeIDE/plugins/com.st.stm32cube.ide.mcu.externaltools.gnu-tools-for-stm32.13.3.rel1.win32_1.0.0.202411081344/tools/bin/../lib/gcc/arm-none-eabi/13.3.1/../../../../arm-none-eabi/lib/thumb/v7-m/nofp\libc_nano.a(libc_a-abort.o)
                0x08009594                abort
 .text._malloc_usable_size_r
                0x080095a2       0x10 C:/ST/STM32CubeIDE_1.18.0/STM32CubeIDE/plugins/com.st.stm32cube.ide.mcu.externaltools.gnu-tools-for-stm32.13.3.rel1.win32_1.0.0.202411081344/tools/bin/../lib/gcc/arm-none-eabi/13.3.1/../../../../arm-none-eabi/lib/thumb/v7-m/nofp\libc_nano.a(libc_a-msizer.o)
                0x080095a2                _malloc_usable_size_r
 .text.__sfputc_r
                0x080095b2       0x2a C:/ST/STM32CubeIDE_1.18.0/STM32CubeIDE/plugins/com.st.stm32cube.ide.mcu.externaltools.gnu-tools-for-stm32.13.3.rel1.win32_1.0.0.202411081344/tools/bin/../lib/gcc/arm-none-eabi/13.3.1/../../../../arm-none-eabi/lib/thumb/v7-m/nofp\libc_nano.a(libc_a-nano-vfprintf.o)
 .text.__sfputs_r
                0x080095dc       0x24 C:/ST/STM32CubeIDE_1.18.0/STM32CubeIDE/plugins/com.st.stm32cube.ide.mcu.externaltools.gnu-tools-for-stm32.13.3.rel1.win32_1.0.0.202411081344/tools/bin/../lib/gcc/arm-none-eabi/13.3.1/../../../../arm-none-eabi/lib/thumb/v7-m/nofp\libc_nano.a(libc_a-nano-vfprintf.o)
                0x080095dc                __sfputs_r
 .text._vfprintf_r
                0x08009600      0x230 C:/ST/STM32CubeIDE_1.18.0/STM32CubeIDE/plugins/com.st.stm32cube.ide.mcu.externaltools.gnu-tools-for-stm32.13.3.rel1.win32_1.0.0.202411081344/tools/bin/../lib/gcc/arm-none-eabi/13.3.1/../../../../arm-none-eabi/lib/thumb/v7-m/nofp\libc_nano.a(libc_a-nano-vfprintf.o)
                0x08009600                _vfprintf_r
                0x08009600                _vfiprintf_r
 .text.__swbuf_r
                0x08009830       0x7c C:/ST/STM32CubeIDE_1.18.0/STM32CubeIDE/plugins/com.st.stm32cube.ide.mcu.externaltools.gnu-tools-for-stm32.13.3.rel1.win32_1.0.0.202411081344/tools/bin/../lib/gcc/arm-none-eabi/13.3.1/../../../../arm-none-eabi/lib/thumb/v7-m/nofp\libc_nano.a(libc_a-wbuf.o)
                0x08009830                __swbuf_r
 .text.__swsetup_r
                0x080098ac       0xac C:/ST/STM32CubeIDE_1.18.0/STM32CubeIDE/plugins/com.st.stm32cube.ide.mcu.externaltools.gnu-tools-for-stm32.13.3.rel1.win32_1.0.0.202411081344/tools/bin/../lib/gcc/arm-none-eabi/13.3.1/../../../../arm-none-eabi/lib/thumb/v7-m/nofp\libc_nano.a(libc_a-wsetup.o)
                0x080098ac                __swsetup_r
 .text._raise_r
                0x08009958       0x50 C:/ST/STM32CubeIDE_1.18.0/STM32CubeIDE/plugins/com.st.stm32cube.ide.mcu.externaltools.gnu-tools-for-stm32.13.3.rel1.win32_1.0.0.202411081344/tools/bin/../lib/gcc/arm-none-eabi/13.3.1/../../../../arm-none-eabi/lib/thumb/v7-m/nofp\libc_nano.a(libc_a-signal.o)
                0x08009958                _raise_r
 .text.raise    0x080099a8       0x10 C:/ST/STM32CubeIDE_1.18.0/STM32CubeIDE/plugins/com.st.stm32cube.ide.mcu.externaltools.gnu-tools-for-stm32.13.3.rel1.win32_1.0.0.202411081344/tools/bin/../lib/gcc/arm-none-eabi/13.3.1/../../../../arm-none-eabi/lib/thumb/v7-m/nofp\libc_nano.a(libc_a-signal.o)
                0x080099a8                raise
 .text._kill_r  0x080099b8       0x24 C:/ST/STM32CubeIDE_1.18.0/STM32CubeIDE/plugins/com.st.stm32cube.ide.mcu.externaltools.gnu-tools-for-stm32.13.3.rel1.win32_1.0.0.202411081344/tools/bin/../lib/gcc/arm-none-eabi/13.3.1/../../../../arm-none-eabi/lib/thumb/v7-m/nofp\libc_nano.a(libc_a-signalr.o)
                0x080099b8                _kill_r
 .text._getpid_r
                0x080099dc        0x4 C:/ST/STM32CubeIDE_1.18.0/STM32CubeIDE/plugins/com.st.stm32cube.ide.mcu.externaltools.gnu-tools-for-stm32.13.3.rel1.win32_1.0.0.202411081344/tools/bin/../lib/gcc/arm-none-eabi/13.3.1/../../../../arm-none-eabi/lib/thumb/v7-m/nofp\libc_nano.a(libc_a-signalr.o)
                0x080099dc                _getpid_r
 .text.__swhatbuf_r
                0x080099e0       0x4a C:/ST/STM32CubeIDE_1.18.0/STM32CubeIDE/plugins/com.st.stm32cube.ide.mcu.externaltools.gnu-tools-for-stm32.13.3.rel1.win32_1.0.0.202411081344/tools/bin/../lib/gcc/arm-none-eabi/13.3.1/../../../../arm-none-eabi/lib/thumb/v7-m/nofp\libc_nano.a(libc_a-makebuf.o)
                0x080099e0                __swhatbuf_r
 .text.__smakebuf_r
                0x08009a2a       0x78 C:/ST/STM32CubeIDE_1.18.0/STM32CubeIDE/plugins/com.st.stm32cube.ide.mcu.externaltools.gnu-tools-for-stm32.13.3.rel1.win32_1.0.0.202411081344/tools/bin/../lib/gcc/arm-none-eabi/13.3.1/../../../../arm-none-eabi/lib/thumb/v7-m/nofp\libc_nano.a(libc_a-makebuf.o)
                0x08009a2a                __smakebuf_r
 *fill*         0x08009aa2        0x2 
 .text._fstat_r
                0x08009aa4       0x24 C:/ST/STM32CubeIDE_1.18.0/STM32CubeIDE/plugins/com.st.stm32cube.ide.mcu.externaltools.gnu-tools-for-stm32.13.3.rel1.win32_1.0.0.202411081344/tools/bin/../lib/gcc/arm-none-eabi/13.3.1/../../../../arm-none-eabi/lib/thumb/v7-m/nofp\libc_nano.a(libc_a-fstatr.o)
                0x08009aa4                _fstat_r
 .text._isatty_r
                0x08009ac8       0x20 C:/ST/STM32CubeIDE_1.18.0/STM32CubeIDE/plugins/com.st.stm32cube.ide.mcu.externaltools.gnu-tools-for-stm32.13.3.rel1.win32_1.0.0.202411081344/tools/bin/../lib/gcc/arm-none-eabi/13.3.1/../../../../arm-none-eabi/lib/thumb/v7-m/nofp\libc_nano.a(libc_a-isattyr.o)
                0x08009ac8                _isatty_r
 *(.glue_7)
 .glue_7        0x08009ae8        0x0 linker stubs
 *(.glue_7t)
 .glue_7t       0x08009ae8        0x0 linker stubs
 *(.eh_frame)
 .eh_frame      0x08009ae8        0x0 C:/ST/STM32CubeIDE_1.18.0/STM32CubeIDE/plugins/com.st.stm32cube.ide.mcu.externaltools.gnu-tools-for-stm32.13.3.rel1.win32_1.0.0.202411081344/tools/bin/../lib/gcc/arm-none-eabi/13.3.1/thumb/v7-m/nofp/crtbegin.o
 *(.init)
 .init          0x08009ae8        0x4 C:/ST/STM32CubeIDE_1.18.0/STM32CubeIDE/plugins/com.st.stm32cube.ide.mcu.externaltools.gnu-tools-for-stm32.13.3.rel1.win32_1.0.0.202411081344/tools/bin/../lib/gcc/arm-none-eabi/13.3.1/thumb/v7-m/nofp/crti.o
                0x08009ae8                _init
 .init          0x08009aec        0x8 C:/ST/STM32CubeIDE_1.18.0/STM32CubeIDE/plugins/com.st.stm32cube.ide.mcu.externaltools.gnu-tools-for-stm32.13.3.rel1.win32_1.0.0.202411081344/tools/bin/../lib/gcc/arm-none-eabi/13.3.1/thumb/v7-m/nofp/crtn.o
 *(.fini)
 .fini          0x08009af4        0x4 C:/ST/STM32CubeIDE_1.18.0/STM32CubeIDE/plugins/com.st.stm32cube.ide.mcu.externaltools.gnu-tools-for-stm32.13.3.rel1.win32_1.0.0.202411081344/tools/bin/../lib/gcc/arm-none-eabi/13.3.1/thumb/v7-m/nofp/crti.o
                0x08009af4                _fini
 .fini          0x08009af8        0x8 C:/ST/STM32CubeIDE_1.18.0/STM32CubeIDE/plugins/com.st.stm32cube.ide.mcu.externaltools.gnu-tools-for-stm32.13.3.rel1.win32_1.0.0.202411081344/tools/bin/../lib/gcc/arm-none-eabi/13.3.1/thumb/v7-m/nofp/crtn.o
                0x08009b00                        . = ALIGN (0x4)
                0x08009b00                        _etext = .

.vfp11_veneer   0x08009b00        0x0
 .vfp11_veneer  0x08009b00        0x0 linker stubs

.v4_bx          0x08009b00        0x0
 .v4_bx         0x08009b00        0x0 linker stubs

.iplt           0x08009b00        0x0
 .iplt          0x08009b00        0x0 C:/ST/STM32CubeIDE_1.18.0/STM32CubeIDE/plugins/com.st.stm32cube.ide.mcu.externaltools.gnu-tools-for-stm32.13.3.rel1.win32_1.0.0.202411081344/tools/bin/../lib/gcc/arm-none-eabi/13.3.1/thumb/v7-m/nofp/crtbegin.o

.rodata         0x08009b00     0x2224
                0x08009b00                        . = ALIGN (0x4)
 *(.rodata)
 .rodata        0x08009b00       0xfe ./Core/Src/main.o
 *(.rodata*)
 *fill*         0x08009bfe        0x2 
 .rodata.image_data_font_fixedsys_mono_16_0x20
                0x08009c00       0x10 ./Core/Src/main.o
 .rodata.font_fixedsys_mono_16_0x20
                0x08009c10        0xc ./Core/Src/main.o
 .rodata.image_data_font_fixedsys_mono_16_0x21
                0x08009c1c       0x10 ./Core/Src/main.o
 .rodata.font_fixedsys_mono_16_0x21
                0x08009c2c        0xc ./Core/Src/main.o
 .rodata.image_data_font_fixedsys_mono_16_0x22
                0x08009c38       0x10 ./Core/Src/main.o
 .rodata.font_fixedsys_mono_16_0x22
                0x08009c48        0xc ./Core/Src/main.o
 .rodata.image_data_font_fixedsys_mono_16_0x23
                0x08009c54       0x10 ./Core/Src/main.o
 .rodata.font_fixedsys_mono_16_0x23
                0x08009c64        0xc ./Core/Src/main.o
 .rodata.image_data_font_fixedsys_mono_16_0x24
                0x08009c70       0x10 ./Core/Src/main.o
 .rodata.font_fixedsys_mono_16_0x24
                0x08009c80        0xc ./Core/Src/main.o
 .rodata.image_data_font_fixedsys_mono_16_0x25
                0x08009c8c       0x10 ./Core/Src/main.o
 .rodata.font_fixedsys_mono_16_0x25
                0x08009c9c        0xc ./Core/Src/main.o
 .rodata.image_data_font_fixedsys_mono_16_0x26
                0x08009ca8       0x10 ./Core/Src/main.o
 .rodata.font_fixedsys_mono_16_0x26
                0x08009cb8        0xc ./Core/Src/main.o
 .rodata.image_data_font_fixedsys_mono_16_0x27
                0x08009cc4       0x10 ./Core/Src/main.o
 .rodata.font_fixedsys_mono_16_0x27
                0x08009cd4        0xc ./Core/Src/main.o
 .rodata.image_data_font_fixedsys_mono_16_0x28
                0x08009ce0       0x10 ./Core/Src/main.o
 .rodata.font_fixedsys_mono_16_0x28
                0x08009cf0        0xc ./Core/Src/main.o
 .rodata.image_data_font_fixedsys_mono_16_0x29
                0x08009cfc       0x10 ./Core/Src/main.o
 .rodata.font_fixedsys_mono_16_0x29
                0x08009d0c        0xc ./Core/Src/main.o
 .rodata.image_data_font_fixedsys_mono_16_0x2a
                0x08009d18       0x10 ./Core/Src/main.o
 .rodata.font_fixedsys_mono_16_0x2a
                0x08009d28        0xc ./Core/Src/main.o
 .rodata.image_data_font_fixedsys_mono_16_0x2b
                0x08009d34       0x10 ./Core/Src/main.o
 .rodata.font_fixedsys_mono_16_0x2b
                0x08009d44        0xc ./Core/Src/main.o
 .rodata.image_data_font_fixedsys_mono_16_0x2c
                0x08009d50       0x10 ./Core/Src/main.o
 .rodata.font_fixedsys_mono_16_0x2c
                0x08009d60        0xc ./Core/Src/main.o
 .rodata.image_data_font_fixedsys_mono_16_0x2d
                0x08009d6c       0x10 ./Core/Src/main.o
 .rodata.font_fixedsys_mono_16_0x2d
                0x08009d7c        0xc ./Core/Src/main.o
 .rodata.image_data_font_fixedsys_mono_16_0x2e
                0x08009d88       0x10 ./Core/Src/main.o
 .rodata.font_fixedsys_mono_16_0x2e
                0x08009d98        0xc ./Core/Src/main.o
 .rodata.image_data_font_fixedsys_mono_16_0x2f
                0x08009da4       0x10 ./Core/Src/main.o
 .rodata.font_fixedsys_mono_16_0x2f
                0x08009db4        0xc ./Core/Src/main.o
 .rodata.image_data_font_fixedsys_mono_16_0x30
                0x08009dc0       0x10 ./Core/Src/main.o
 .rodata.font_fixedsys_mono_16_0x30
                0x08009dd0        0xc ./Core/Src/main.o
 .rodata.image_data_font_fixedsys_mono_16_0x31
                0x08009ddc       0x10 ./Core/Src/main.o
 .rodata.font_fixedsys_mono_16_0x31
                0x08009dec        0xc ./Core/Src/main.o
 .rodata.image_data_font_fixedsys_mono_16_0x32
                0x08009df8       0x10 ./Core/Src/main.o
 .rodata.font_fixedsys_mono_16_0x32
                0x08009e08        0xc ./Core/Src/main.o
 .rodata.image_data_font_fixedsys_mono_16_0x33
                0x08009e14       0x10 ./Core/Src/main.o
 .rodata.font_fixedsys_mono_16_0x33
                0x08009e24        0xc ./Core/Src/main.o
 .rodata.image_data_font_fixedsys_mono_16_0x34
                0x08009e30       0x10 ./Core/Src/main.o
 .rodata.font_fixedsys_mono_16_0x34
                0x08009e40        0xc ./Core/Src/main.o
 .rodata.image_data_font_fixedsys_mono_16_0x35
                0x08009e4c       0x10 ./Core/Src/main.o
 .rodata.font_fixedsys_mono_16_0x35
                0x08009e5c        0xc ./Core/Src/main.o
 .rodata.image_data_font_fixedsys_mono_16_0x36
                0x08009e68       0x10 ./Core/Src/main.o
 .rodata.font_fixedsys_mono_16_0x36
                0x08009e78        0xc ./Core/Src/main.o
 .rodata.image_data_font_fixedsys_mono_16_0x37
                0x08009e84       0x10 ./Core/Src/main.o
 .rodata.font_fixedsys_mono_16_0x37
                0x08009e94        0xc ./Core/Src/main.o
 .rodata.image_data_font_fixedsys_mono_16_0x38
                0x08009ea0       0x10 ./Core/Src/main.o
 .rodata.font_fixedsys_mono_16_0x38
                0x08009eb0        0xc ./Core/Src/main.o
 .rodata.image_data_font_fixedsys_mono_16_0x39
                0x08009ebc       0x10 ./Core/Src/main.o
 .rodata.font_fixedsys_mono_16_0x39
                0x08009ecc        0xc ./Core/Src/main.o
 .rodata.image_data_font_fixedsys_mono_16_0x3a
                0x08009ed8       0x10 ./Core/Src/main.o
 .rodata.font_fixedsys_mono_16_0x3a
                0x08009ee8        0xc ./Core/Src/main.o
 .rodata.image_data_font_fixedsys_mono_16_0x3b
                0x08009ef4       0x10 ./Core/Src/main.o
 .rodata.font_fixedsys_mono_16_0x3b
                0x08009f04        0xc ./Core/Src/main.o
 .rodata.image_data_font_fixedsys_mono_16_0x3c
                0x08009f10       0x10 ./Core/Src/main.o
 .rodata.font_fixedsys_mono_16_0x3c
                0x08009f20        0xc ./Core/Src/main.o
 .rodata.image_data_font_fixedsys_mono_16_0x3d
                0x08009f2c       0x10 ./Core/Src/main.o
 .rodata.font_fixedsys_mono_16_0x3d
                0x08009f3c        0xc ./Core/Src/main.o
 .rodata.image_data_font_fixedsys_mono_16_0x3e
                0x08009f48       0x10 ./Core/Src/main.o
 .rodata.font_fixedsys_mono_16_0x3e
                0x08009f58        0xc ./Core/Src/main.o
 .rodata.image_data_font_fixedsys_mono_16_0x3f
                0x08009f64       0x10 ./Core/Src/main.o
 .rodata.font_fixedsys_mono_16_0x3f
                0x08009f74        0xc ./Core/Src/main.o
 .rodata.image_data_font_fixedsys_mono_16_0x40
                0x08009f80       0x10 ./Core/Src/main.o
 .rodata.font_fixedsys_mono_16_0x40
                0x08009f90        0xc ./Core/Src/main.o
 .rodata.image_data_font_fixedsys_mono_16_0x41
                0x08009f9c       0x10 ./Core/Src/main.o
 .rodata.font_fixedsys_mono_16_0x41
                0x08009fac        0xc ./Core/Src/main.o
 .rodata.image_data_font_fixedsys_mono_16_0x42
                0x08009fb8       0x10 ./Core/Src/main.o
 .rodata.font_fixedsys_mono_16_0x42
                0x08009fc8        0xc ./Core/Src/main.o
 .rodata.image_data_font_fixedsys_mono_16_0x43
                0x08009fd4       0x10 ./Core/Src/main.o
 .rodata.font_fixedsys_mono_16_0x43
                0x08009fe4        0xc ./Core/Src/main.o
 .rodata.image_data_font_fixedsys_mono_16_0x44
                0x08009ff0       0x10 ./Core/Src/main.o
 .rodata.font_fixedsys_mono_16_0x44
                0x0800a000        0xc ./Core/Src/main.o
 .rodata.image_data_font_fixedsys_mono_16_0x45
                0x0800a00c       0x10 ./Core/Src/main.o
 .rodata.font_fixedsys_mono_16_0x45
                0x0800a01c        0xc ./Core/Src/main.o
 .rodata.image_data_font_fixedsys_mono_16_0x46
                0x0800a028       0x10 ./Core/Src/main.o
 .rodata.font_fixedsys_mono_16_0x46
                0x0800a038        0xc ./Core/Src/main.o
 .rodata.image_data_font_fixedsys_mono_16_0x47
                0x0800a044       0x10 ./Core/Src/main.o
 .rodata.font_fixedsys_mono_16_0x47
                0x0800a054        0xc ./Core/Src/main.o
 .rodata.image_data_font_fixedsys_mono_16_0x48
                0x0800a060       0x10 ./Core/Src/main.o
 .rodata.font_fixedsys_mono_16_0x48
                0x0800a070        0xc ./Core/Src/main.o
 .rodata.image_data_font_fixedsys_mono_16_0x49
                0x0800a07c       0x10 ./Core/Src/main.o
 .rodata.font_fixedsys_mono_16_0x49
                0x0800a08c        0xc ./Core/Src/main.o
 .rodata.image_data_font_fixedsys_mono_16_0x4a
                0x0800a098       0x10 ./Core/Src/main.o
 .rodata.font_fixedsys_mono_16_0x4a
                0x0800a0a8        0xc ./Core/Src/main.o
 .rodata.image_data_font_fixedsys_mono_16_0x4b
                0x0800a0b4       0x10 ./Core/Src/main.o
 .rodata.font_fixedsys_mono_16_0x4b
                0x0800a0c4        0xc ./Core/Src/main.o
 .rodata.image_data_font_fixedsys_mono_16_0x4c
                0x0800a0d0       0x10 ./Core/Src/main.o
 .rodata.font_fixedsys_mono_16_0x4c
                0x0800a0e0        0xc ./Core/Src/main.o
 .rodata.image_data_font_fixedsys_mono_16_0x4d
                0x0800a0ec       0x10 ./Core/Src/main.o
 .rodata.font_fixedsys_mono_16_0x4d
                0x0800a0fc        0xc ./Core/Src/main.o
 .rodata.image_data_font_fixedsys_mono_16_0x4e
                0x0800a108       0x10 ./Core/Src/main.o
 .rodata.font_fixedsys_mono_16_0x4e
                0x0800a118        0xc ./Core/Src/main.o
 .rodata.image_data_font_fixedsys_mono_16_0x4f
                0x0800a124       0x10 ./Core/Src/main.o
 .rodata.font_fixedsys_mono_16_0x4f
                0x0800a134        0xc ./Core/Src/main.o
 .rodata.image_data_font_fixedsys_mono_16_0x50
                0x0800a140       0x10 ./Core/Src/main.o
 .rodata.font_fixedsys_mono_16_0x50
                0x0800a150        0xc ./Core/Src/main.o
 .rodata.image_data_font_fixedsys_mono_16_0x51
                0x0800a15c       0x10 ./Core/Src/main.o
 .rodata.font_fixedsys_mono_16_0x51
                0x0800a16c        0xc ./Core/Src/main.o
 .rodata.image_data_font_fixedsys_mono_16_0x52
                0x0800a178       0x10 ./Core/Src/main.o
 .rodata.font_fixedsys_mono_16_0x52
                0x0800a188        0xc ./Core/Src/main.o
 .rodata.image_data_font_fixedsys_mono_16_0x53
                0x0800a194       0x10 ./Core/Src/main.o
 .rodata.font_fixedsys_mono_16_0x53
                0x0800a1a4        0xc ./Core/Src/main.o
 .rodata.image_data_font_fixedsys_mono_16_0x54
                0x0800a1b0       0x10 ./Core/Src/main.o
 .rodata.font_fixedsys_mono_16_0x54
                0x0800a1c0        0xc ./Core/Src/main.o
 .rodata.image_data_font_fixedsys_mono_16_0x55
                0x0800a1cc       0x10 ./Core/Src/main.o
 .rodata.font_fixedsys_mono_16_0x55
                0x0800a1dc        0xc ./Core/Src/main.o
 .rodata.image_data_font_fixedsys_mono_16_0x56
                0x0800a1e8       0x10 ./Core/Src/main.o
 .rodata.font_fixedsys_mono_16_0x56
                0x0800a1f8        0xc ./Core/Src/main.o
 .rodata.image_data_font_fixedsys_mono_16_0x57
                0x0800a204       0x10 ./Core/Src/main.o
 .rodata.font_fixedsys_mono_16_0x57
                0x0800a214        0xc ./Core/Src/main.o
 .rodata.image_data_font_fixedsys_mono_16_0x58
                0x0800a220       0x10 ./Core/Src/main.o
 .rodata.font_fixedsys_mono_16_0x58
                0x0800a230        0xc ./Core/Src/main.o
 .rodata.image_data_font_fixedsys_mono_16_0x59
                0x0800a23c       0x10 ./Core/Src/main.o
 .rodata.font_fixedsys_mono_16_0x59
                0x0800a24c        0xc ./Core/Src/main.o
 .rodata.image_data_font_fixedsys_mono_16_0x5a
                0x0800a258       0x10 ./Core/Src/main.o
 .rodata.font_fixedsys_mono_16_0x5a
                0x0800a268        0xc ./Core/Src/main.o
 .rodata.image_data_font_fixedsys_mono_16_0x5b
                0x0800a274       0x10 ./Core/Src/main.o
 .rodata.font_fixedsys_mono_16_0x5b
                0x0800a284        0xc ./Core/Src/main.o
 .rodata.image_data_font_fixedsys_mono_16_0x5c
                0x0800a290       0x10 ./Core/Src/main.o
 .rodata.font_fixedsys_mono_16_0x5c
                0x0800a2a0        0xc ./Core/Src/main.o
 .rodata.image_data_font_fixedsys_mono_16_0x5d
                0x0800a2ac       0x10 ./Core/Src/main.o
 .rodata.font_fixedsys_mono_16_0x5d
                0x0800a2bc        0xc ./Core/Src/main.o
 .rodata.image_data_font_fixedsys_mono_16_0x5e
                0x0800a2c8       0x10 ./Core/Src/main.o
 .rodata.font_fixedsys_mono_16_0x5e
                0x0800a2d8        0xc ./Core/Src/main.o
 .rodata.image_data_font_fixedsys_mono_16_0x5f
                0x0800a2e4       0x10 ./Core/Src/main.o
 .rodata.font_fixedsys_mono_16_0x5f
                0x0800a2f4        0xc ./Core/Src/main.o
 .rodata.image_data_font_fixedsys_mono_16_0x60
                0x0800a300       0x10 ./Core/Src/main.o
 .rodata.font_fixedsys_mono_16_0x60
                0x0800a310        0xc ./Core/Src/main.o
 .rodata.image_data_font_fixedsys_mono_16_0x61
                0x0800a31c       0x10 ./Core/Src/main.o
 .rodata.font_fixedsys_mono_16_0x61
                0x0800a32c        0xc ./Core/Src/main.o
 .rodata.image_data_font_fixedsys_mono_16_0x62
                0x0800a338       0x10 ./Core/Src/main.o
 .rodata.font_fixedsys_mono_16_0x62
                0x0800a348        0xc ./Core/Src/main.o
 .rodata.image_data_font_fixedsys_mono_16_0x63
                0x0800a354       0x10 ./Core/Src/main.o
 .rodata.font_fixedsys_mono_16_0x63
                0x0800a364        0xc ./Core/Src/main.o
 .rodata.image_data_font_fixedsys_mono_16_0x64
                0x0800a370       0x10 ./Core/Src/main.o
 .rodata.font_fixedsys_mono_16_0x64
                0x0800a380        0xc ./Core/Src/main.o
 .rodata.image_data_font_fixedsys_mono_16_0x65
                0x0800a38c       0x10 ./Core/Src/main.o
 .rodata.font_fixedsys_mono_16_0x65
                0x0800a39c        0xc ./Core/Src/main.o
 .rodata.image_data_font_fixedsys_mono_16_0x66
                0x0800a3a8       0x10 ./Core/Src/main.o
 .rodata.font_fixedsys_mono_16_0x66
                0x0800a3b8        0xc ./Core/Src/main.o
 .rodata.image_data_font_fixedsys_mono_16_0x67
                0x0800a3c4       0x10 ./Core/Src/main.o
 .rodata.font_fixedsys_mono_16_0x67
                0x0800a3d4        0xc ./Core/Src/main.o
 .rodata.image_data_font_fixedsys_mono_16_0x68
                0x0800a3e0       0x10 ./Core/Src/main.o
 .rodata.font_fixedsys_mono_16_0x68
                0x0800a3f0        0xc ./Core/Src/main.o
 .rodata.image_data_font_fixedsys_mono_16_0x69
                0x0800a3fc       0x10 ./Core/Src/main.o
 .rodata.font_fixedsys_mono_16_0x69
                0x0800a40c        0xc ./Core/Src/main.o
 .rodata.image_data_font_fixedsys_mono_16_0x6a
                0x0800a418       0x10 ./Core/Src/main.o
 .rodata.font_fixedsys_mono_16_0x6a
                0x0800a428        0xc ./Core/Src/main.o
 .rodata.image_data_font_fixedsys_mono_16_0x6b
                0x0800a434       0x10 ./Core/Src/main.o
 .rodata.font_fixedsys_mono_16_0x6b
                0x0800a444        0xc ./Core/Src/main.o
 .rodata.image_data_font_fixedsys_mono_16_0x6c
                0x0800a450       0x10 ./Core/Src/main.o
 .rodata.font_fixedsys_mono_16_0x6c
                0x0800a460        0xc ./Core/Src/main.o
 .rodata.image_data_font_fixedsys_mono_16_0x6d
                0x0800a46c       0x10 ./Core/Src/main.o
 .rodata.font_fixedsys_mono_16_0x6d
                0x0800a47c        0xc ./Core/Src/main.o
 .rodata.image_data_font_fixedsys_mono_16_0x6e
                0x0800a488       0x10 ./Core/Src/main.o
 .rodata.font_fixedsys_mono_16_0x6e
                0x0800a498        0xc ./Core/Src/main.o
 .rodata.image_data_font_fixedsys_mono_16_0x6f
                0x0800a4a4       0x10 ./Core/Src/main.o
 .rodata.font_fixedsys_mono_16_0x6f
                0x0800a4b4        0xc ./Core/Src/main.o
 .rodata.image_data_font_fixedsys_mono_16_0x70
                0x0800a4c0       0x10 ./Core/Src/main.o
 .rodata.font_fixedsys_mono_16_0x70
                0x0800a4d0        0xc ./Core/Src/main.o
 .rodata.image_data_font_fixedsys_mono_16_0x71
                0x0800a4dc       0x10 ./Core/Src/main.o
 .rodata.font_fixedsys_mono_16_0x71
                0x0800a4ec        0xc ./Core/Src/main.o
 .rodata.image_data_font_fixedsys_mono_16_0x72
                0x0800a4f8       0x10 ./Core/Src/main.o
 .rodata.font_fixedsys_mono_16_0x72
                0x0800a508        0xc ./Core/Src/main.o
 .rodata.image_data_font_fixedsys_mono_16_0x73
                0x0800a514       0x10 ./Core/Src/main.o
 .rodata.font_fixedsys_mono_16_0x73
                0x0800a524        0xc ./Core/Src/main.o
 .rodata.image_data_font_fixedsys_mono_16_0x74
                0x0800a530       0x10 ./Core/Src/main.o
 .rodata.font_fixedsys_mono_16_0x74
                0x0800a540        0xc ./Core/Src/main.o
 .rodata.image_data_font_fixedsys_mono_16_0x75
                0x0800a54c       0x10 ./Core/Src/main.o
 .rodata.font_fixedsys_mono_16_0x75
                0x0800a55c        0xc ./Core/Src/main.o
 .rodata.image_data_font_fixedsys_mono_16_0x76
                0x0800a568       0x10 ./Core/Src/main.o
 .rodata.font_fixedsys_mono_16_0x76
                0x0800a578        0xc ./Core/Src/main.o
 .rodata.image_data_font_fixedsys_mono_16_0x77
                0x0800a584       0x10 ./Core/Src/main.o
 .rodata.font_fixedsys_mono_16_0x77
                0x0800a594        0xc ./Core/Src/main.o
 .rodata.image_data_font_fixedsys_mono_16_0x78
                0x0800a5a0       0x10 ./Core/Src/main.o
 .rodata.font_fixedsys_mono_16_0x78
                0x0800a5b0        0xc ./Core/Src/main.o
 .rodata.image_data_font_fixedsys_mono_16_0x79
                0x0800a5bc       0x10 ./Core/Src/main.o
 .rodata.font_fixedsys_mono_16_0x79
                0x0800a5cc        0xc ./Core/Src/main.o
 .rodata.image_data_font_fixedsys_mono_16_0x7a
                0x0800a5d8       0x10 ./Core/Src/main.o
 .rodata.font_fixedsys_mono_16_0x7a
                0x0800a5e8        0xc ./Core/Src/main.o
 .rodata.image_data_font_fixedsys_mono_16_0x7b
                0x0800a5f4       0x10 ./Core/Src/main.o
 .rodata.font_fixedsys_mono_16_0x7b
                0x0800a604        0xc ./Core/Src/main.o
 .rodata.image_data_font_fixedsys_mono_16_0x7c
                0x0800a610       0x10 ./Core/Src/main.o
 .rodata.font_fixedsys_mono_16_0x7c
                0x0800a620        0xc ./Core/Src/main.o
 .rodata.image_data_font_fixedsys_mono_16_0x7d
                0x0800a62c       0x10 ./Core/Src/main.o
 .rodata.font_fixedsys_mono_16_0x7d
                0x0800a63c        0xc ./Core/Src/main.o
 .rodata.image_data_font_fixedsys_mono_16_0x7e
                0x0800a648       0x10 ./Core/Src/main.o
 .rodata.font_fixedsys_mono_16_0x7e
                0x0800a658        0xc ./Core/Src/main.o
 .rodata.font_fixedsys_mono_16_array
                0x0800a664      0x2f8 ./Core/Src/main.o
 .rodata.font_fixedsys_mono_16
                0x0800a95c        0x8 ./Core/Src/main.o
 .rodata.image_data_verdana_11_0x20
                0x0800a964        0x8 ./Core/Src/main.o
 .rodata.verdana_11_0x20
                0x0800a96c        0xc ./Core/Src/main.o
 .rodata.image_data_verdana_11_0x28
                0x0800a978        0xa ./Core/Src/main.o
 *fill*         0x0800a982        0x2 
 .rodata.verdana_11_0x28
                0x0800a984        0xc ./Core/Src/main.o
 .rodata.image_data_verdana_11_0x29
                0x0800a990        0xa ./Core/Src/main.o
 *fill*         0x0800a99a        0x2 
 .rodata.verdana_11_0x29
                0x0800a99c        0xc ./Core/Src/main.o
 .rodata.image_data_verdana_11_0x2a
                0x0800a9a8        0xe ./Core/Src/main.o
 *fill*         0x0800a9b6        0x2 
 .rodata.verdana_11_0x2a
                0x0800a9b8        0xc ./Core/Src/main.o
 .rodata.image_data_verdana_11_0x2b
                0x0800a9c4       0x12 ./Core/Src/main.o
 *fill*         0x0800a9d6        0x2 
 .rodata.verdana_11_0x2b
                0x0800a9d8        0xc ./Core/Src/main.o
 .rodata.image_data_verdana_11_0x2c
                0x0800a9e4        0x8 ./Core/Src/main.o
 .rodata.verdana_11_0x2c
                0x0800a9ec        0xc ./Core/Src/main.o
 .rodata.image_data_verdana_11_0x2d
                0x0800a9f8        0xa ./Core/Src/main.o
 *fill*         0x0800aa02        0x2 
 .rodata.verdana_11_0x2d
                0x0800aa04        0xc ./Core/Src/main.o
 .rodata.image_data_verdana_11_0x2e
                0x0800aa10        0x8 ./Core/Src/main.o
 .rodata.verdana_11_0x2e
                0x0800aa18        0xc ./Core/Src/main.o
 .rodata.image_data_verdana_11_0x2f
                0x0800aa24        0xa ./Core/Src/main.o
 *fill*         0x0800aa2e        0x2 
 .rodata.verdana_11_0x2f
                0x0800aa30        0xc ./Core/Src/main.o
 .rodata.image_data_verdana_11_0x30
                0x0800aa3c        0xe ./Core/Src/main.o
 *fill*         0x0800aa4a        0x2 
 .rodata.verdana_11_0x30
                0x0800aa4c        0xc ./Core/Src/main.o
 .rodata.image_data_verdana_11_0x31
                0x0800aa58        0xe ./Core/Src/main.o
 *fill*         0x0800aa66        0x2 
 .rodata.verdana_11_0x31
                0x0800aa68        0xc ./Core/Src/main.o
 .rodata.image_data_verdana_11_0x32
                0x0800aa74        0xe ./Core/Src/main.o
 *fill*         0x0800aa82        0x2 
 .rodata.verdana_11_0x32
                0x0800aa84        0xc ./Core/Src/main.o
 .rodata.image_data_verdana_11_0x33
                0x0800aa90        0xe ./Core/Src/main.o
 *fill*         0x0800aa9e        0x2 
 .rodata.verdana_11_0x33
                0x0800aaa0        0xc ./Core/Src/main.o
 .rodata.image_data_verdana_11_0x34
                0x0800aaac        0xe ./Core/Src/main.o
 *fill*         0x0800aaba        0x2 
 .rodata.verdana_11_0x34
                0x0800aabc        0xc ./Core/Src/main.o
 .rodata.image_data_verdana_11_0x35
                0x0800aac8        0xe ./Core/Src/main.o
 *fill*         0x0800aad6        0x2 
 .rodata.verdana_11_0x35
                0x0800aad8        0xc ./Core/Src/main.o
 .rodata.image_data_verdana_11_0x36
                0x0800aae4        0xe ./Core/Src/main.o
 *fill*         0x0800aaf2        0x2 
 .rodata.verdana_11_0x36
                0x0800aaf4        0xc ./Core/Src/main.o
 .rodata.image_data_verdana_11_0x37
                0x0800ab00        0xe ./Core/Src/main.o
 *fill*         0x0800ab0e        0x2 
 .rodata.verdana_11_0x37
                0x0800ab10        0xc ./Core/Src/main.o
 .rodata.image_data_verdana_11_0x38
                0x0800ab1c        0xe ./Core/Src/main.o
 *fill*         0x0800ab2a        0x2 
 .rodata.verdana_11_0x38
                0x0800ab2c        0xc ./Core/Src/main.o
 .rodata.image_data_verdana_11_0x39
                0x0800ab38        0xe ./Core/Src/main.o
 *fill*         0x0800ab46        0x2 
 .rodata.verdana_11_0x39
                0x0800ab48        0xc ./Core/Src/main.o
 .rodata.image_data_verdana_11_0x3a
                0x0800ab54        0xa ./Core/Src/main.o
 *fill*         0x0800ab5e        0x2 
 .rodata.verdana_11_0x3a
                0x0800ab60        0xc ./Core/Src/main.o
 .rodata.image_data_verdana_11_0x3b
                0x0800ab6c        0xa ./Core/Src/main.o
 *fill*         0x0800ab76        0x2 
 .rodata.verdana_11_0x3b
                0x0800ab78        0xc ./Core/Src/main.o
 .rodata.image_data_verdana_11_0x3c
                0x0800ab84       0x12 ./Core/Src/main.o
 *fill*         0x0800ab96        0x2 
 .rodata.verdana_11_0x3c
                0x0800ab98        0xc ./Core/Src/main.o
 .rodata.image_data_verdana_11_0x3d
                0x0800aba4       0x12 ./Core/Src/main.o
 *fill*         0x0800abb6        0x2 
 .rodata.verdana_11_0x3d
                0x0800abb8        0xc ./Core/Src/main.o
 .rodata.image_data_verdana_11_0x3e
                0x0800abc4       0x12 ./Core/Src/main.o
 *fill*         0x0800abd6        0x2 
 .rodata.verdana_11_0x3e
                0x0800abd8        0xc ./Core/Src/main.o
 .rodata.image_data_verdana_11_0x3f
                0x0800abe4        0xc ./Core/Src/main.o
 .rodata.verdana_11_0x3f
                0x0800abf0        0xc ./Core/Src/main.o
 .rodata.image_data_verdana_11_0x56
                0x0800abfc       0x10 ./Core/Src/main.o
 .rodata.verdana_11_0x56
                0x0800ac0c        0xc ./Core/Src/main.o
 .rodata.verdana_11_array
                0x0800ac18       0xd0 ./Core/Src/main.o
 .rodata.verdana_11
                0x0800ace8        0x8 ./Core/Src/main.o
 .rodata.image_data_verdana_14_0x20
                0x0800acf0        0xf ./Core/Src/main.o
 *fill*         0x0800acff        0x1 
 .rodata.verdana_14_0x20
                0x0800ad00        0xc ./Core/Src/main.o
 .rodata.image_data_verdana_14_0x28
                0x0800ad0c       0x12 ./Core/Src/main.o
 *fill*         0x0800ad1e        0x2 
 .rodata.verdana_14_0x28
                0x0800ad20        0xc ./Core/Src/main.o
 .rodata.image_data_verdana_14_0x29
                0x0800ad2c       0x12 ./Core/Src/main.o
 *fill*         0x0800ad3e        0x2 
 .rodata.verdana_14_0x29
                0x0800ad40        0xc ./Core/Src/main.o
 .rodata.image_data_verdana_14_0x2a
                0x0800ad4c       0x1b ./Core/Src/main.o
 *fill*         0x0800ad67        0x1 
 .rodata.verdana_14_0x2a
                0x0800ad68        0xc ./Core/Src/main.o
 .rodata.image_data_verdana_14_0x2b
                0x0800ad74       0x21 ./Core/Src/main.o
 *fill*         0x0800ad95        0x3 
 .rodata.verdana_14_0x2b
                0x0800ad98        0xc ./Core/Src/main.o
 .rodata.image_data_verdana_14_0x2c
                0x0800ada4        0xf ./Core/Src/main.o
 *fill*         0x0800adb3        0x1 
 .rodata.verdana_14_0x2c
                0x0800adb4        0xc ./Core/Src/main.o
 .rodata.image_data_verdana_14_0x2d
                0x0800adc0       0x15 ./Core/Src/main.o
 *fill*         0x0800add5        0x3 
 .rodata.verdana_14_0x2d
                0x0800add8        0xc ./Core/Src/main.o
 .rodata.image_data_verdana_14_0x2e
                0x0800ade4        0xf ./Core/Src/main.o
 *fill*         0x0800adf3        0x1 
 .rodata.verdana_14_0x2e
                0x0800adf4        0xc ./Core/Src/main.o
 .rodata.image_data_verdana_14_0x2f
                0x0800ae00       0x12 ./Core/Src/main.o
 *fill*         0x0800ae12        0x2 
 .rodata.verdana_14_0x2f
                0x0800ae14        0xc ./Core/Src/main.o
 .rodata.image_data_verdana_14_0x30
                0x0800ae20       0x1b ./Core/Src/main.o
 *fill*         0x0800ae3b        0x1 
 .rodata.verdana_14_0x30
                0x0800ae3c        0xc ./Core/Src/main.o
 .rodata.image_data_verdana_14_0x31
                0x0800ae48       0x1b ./Core/Src/main.o
 *fill*         0x0800ae63        0x1 
 .rodata.verdana_14_0x31
                0x0800ae64        0xc ./Core/Src/main.o
 .rodata.image_data_verdana_14_0x32
                0x0800ae70       0x1b ./Core/Src/main.o
 *fill*         0x0800ae8b        0x1 
 .rodata.verdana_14_0x32
                0x0800ae8c        0xc ./Core/Src/main.o
 .rodata.image_data_verdana_14_0x33
                0x0800ae98       0x1b ./Core/Src/main.o
 *fill*         0x0800aeb3        0x1 
 .rodata.verdana_14_0x33
                0x0800aeb4        0xc ./Core/Src/main.o
 .rodata.image_data_verdana_14_0x34
                0x0800aec0       0x1b ./Core/Src/main.o
 *fill*         0x0800aedb        0x1 
 .rodata.verdana_14_0x34
                0x0800aedc        0xc ./Core/Src/main.o
 .rodata.image_data_verdana_14_0x35
                0x0800aee8       0x1b ./Core/Src/main.o
 *fill*         0x0800af03        0x1 
 .rodata.verdana_14_0x35
                0x0800af04        0xc ./Core/Src/main.o
 .rodata.image_data_verdana_14_0x36
                0x0800af10       0x1b ./Core/Src/main.o
 *fill*         0x0800af2b        0x1 
 .rodata.verdana_14_0x36
                0x0800af2c        0xc ./Core/Src/main.o
 .rodata.image_data_verdana_14_0x37
                0x0800af38       0x1b ./Core/Src/main.o
 *fill*         0x0800af53        0x1 
 .rodata.verdana_14_0x37
                0x0800af54        0xc ./Core/Src/main.o
 .rodata.image_data_verdana_14_0x38
                0x0800af60       0x1b ./Core/Src/main.o
 *fill*         0x0800af7b        0x1 
 .rodata.verdana_14_0x38
                0x0800af7c        0xc ./Core/Src/main.o
 .rodata.image_data_verdana_14_0x39
                0x0800af88       0x1b ./Core/Src/main.o
 *fill*         0x0800afa3        0x1 
 .rodata.verdana_14_0x39
                0x0800afa4        0xc ./Core/Src/main.o
 .rodata.image_data_verdana_14_0x3a
                0x0800afb0       0x12 ./Core/Src/main.o
 *fill*         0x0800afc2        0x2 
 .rodata.verdana_14_0x3a
                0x0800afc4        0xc ./Core/Src/main.o
 .rodata.image_data_verdana_14_0x3b
                0x0800afd0       0x12 ./Core/Src/main.o
 *fill*         0x0800afe2        0x2 
 .rodata.verdana_14_0x3b
                0x0800afe4        0xc ./Core/Src/main.o
 .rodata.image_data_verdana_14_0x3c
                0x0800aff0       0x21 ./Core/Src/main.o