../Core/Src/ili9341_parallel.c:42:6:ili_set_address_window	24	static
../Core/Src/ili9341_parallel.c:69:6:_ili_render_glyph	56	static
../Core/Src/ili9341_parallel.c:146:6:_ili_draw_string_main	56	static
../Core/Src/ili9341_parallel.c:221:6:ili_draw_char	40	static
../Core/Src/ili9341_parallel.c:253:6:ili_draw_string	40	static
../Core/Src/ili9341_parallel.c:269:6:ili_draw_string_withbg	40	static
../Core/Src/ili9341_parallel.c:299:6:ili_draw_bitmap	32	static
../Core/Src/ili9341_parallel.c:324:6:ili_fill_color	24	static
../Core/Src/ili9341_parallel.c:392:6:ili_fill_rect	24	static
../Core/Src/ili9341_parallel.c:409:6:ili_fill_rect_fast	24	static
../Core/Src/ili9341_parallel.c:420:6:ili_fill_screen	16	static
../Core/Src/ili9341_parallel.c:430:6:ili_draw_rectangle	32	static
../Core/Src/ili9341_parallel.c:452:6:_ili_plot_line_low	48	static
../Core/Src/ili9341_parallel.c:496:6:_ili_plot_line_high	48	static
../Core/Src/ili9341_parallel.c:546:6:ili_draw_line	32	static
../Core/Src/ili9341_parallel.c:588:6:_ili_draw_fast_h_line	24	static
../Core/Src/ili9341_parallel.c:605:6:_ili_draw_fast_v_line	24	static
../Core/Src/ili9341_parallel.c:625:6:ili_draw_pixel	16	static
../Core/Src/ili9341_parallel.c:644:6:ili_rotate_display	32	static
../Core/Src/ili9341_parallel.c:688:6:ili_init	56	static
