../Core/Src/main.c:229:5:main	8	static
../Core/Src/main.c:373:6:SystemClock_Config	88	static
../Core/Src/main.c:417:6:HAL_GPIO_EXTI_Callback	16	static
../Core/Src/main.c:443:6:EncoderEvent	16	static
../Core/Src/main.c:454:6:SysTick_Counter	4	static
../Core/Src/main.c:491:6:DrawBoxes	24	static
../Core/Src/main.c:530:6:SwapBox	32	static
../Core/Src/main.c:555:6:DrawGrilla	24	static
../Core/Src/main.c:571:6:DrawSelSet	16	static
../Core/Src/main.c:584:6:UpdateSet	16	static
../Core/Src/main.c:601:6:DrawConfig	8	static
../Core/Src/main.c:611:6:SetLimites	16	static
../Core/Src/main.c:636:6:DrawRangoGrilla	40	static
../Core/Src/main.c:665:6:DrawEscalaSet	32	static
../Core/Src/main.c:678:6:DrawMPS_Set	32	static
../Core/Src/main.c:694:6:DrawLapsoSet	32	static
../Core/Src/main.c:706:6:DrawMediaSet	32	static
../Core/Src/main.c:719:6:DrawRastroSet	32	static
../Core/Src/main.c:731:6:SwapItem	40	static
../Core/Src/main.c:757:6:DrawPix	24	static
../Core/Src/main.c:769:6:DrawPixColor	24	static
../Core/Src/main.c:793:6:DrawPixCanal	40	static
../Core/Src/main.c:866:6:DrawBGCanal	32	static
../Core/Src/main.c:873:6:DrawTrazosBack	8	static
../Core/Src/main.c:880:6:ReDrawTrazos	16	static
../Core/Src/main.c:895:6:RedrawPrevios	16	static
../Core/Src/main.c:903:6:DrawSTA	24	static
../Core/Src/main.c:931:6:SetSTA	24	static
../Core/Src/main.c:963:6:DrawSTAStatus	40	static
../Core/Src/main.c:980:10:SetMinima	24	static
../Core/Src/main.c:992:10:SetMaxima	24	static
../Core/Src/main.c:1004:10:SetPromedio	24	static
../Core/Src/main.c:1017:6:EncoderMenu	24	static
../Core/Src/main.c:1105:6:EncoderSubMenu	8	static
../Core/Src/main.c:1160:6:EncoderItemSet	16	static
../Core/Src/main.c:1232:6:MuestraMedia	16	static
../Core/Src/main.c:1277:6:Conversiones	32	static
../Core/Src/main.c:1333:6:Error_Handler	4	static,ignoring_inline_asm
